<html>
<body>
<pre>
<h1>µVision Build Log</h1>
<h2>Tool Versions:</h2>
IDE-Version: ¦ÌVision V5.14.0.0
Copyright (C) 2015 ARM Ltd and ARM Germany GmbH. All rights reserved.
License Information: hah Administrator, haha, LIC=HN0DY-IC3LZ-CXUU6-DCPRI-JNC0M-6WA9Q
 
Tool Versions:
Toolchain:       MDK-ARM Standard  Version: 5.14.0.0
Toolchain Path:  D:\SoftWare\keil4\ARM\ARMCC\Bin
C Compiler:      Armcc.exe V5.05 update 1 (build 106)
Assembler:       Armasm.exe V5.05 update 1 (build 106)
Linker/Locator:  ArmLink.exe V5.05 update 1 (build 106)
Library Manager: ArmAr.exe V5.05 update 1 (build 106)
Hex Converter:   FromElf.exe V5.05 update 1 (build 106)
CPU DLL:         SARMCM3.DLL V5.14.0.0
Dialog DLL:      DCM.DLL V1.13.1.0
Target DLL:      UL2CM3.DLL V1.155.0.0
Dialog DLL:      TCM.DLL V1.14.4.0
 
<h2>Project:</h2>
D:\MCU\ucos-III_temeplate\Project\project.uvproj
Project File Date:  09/15/2017

<h2>Output:</h2>
Build target 'Target 1'
compiling stm32f10x_it.c...
linking...
Program Size: Code=12440 RO-data=452 RW-data=208 ZI-data=10896  
FromELF: creating hex file...
".\OutPuts\project.axf" - 0 Error(s), 0 Warning(s).
</pre>
</body>
</html>
