Component: ARM Compiler 5.05 update 1 (build 106) Tool: armlink [4d0efa]

==============================================================================

Section Cross References

    startup_stm32f10x_hd.o(STACK) refers (Special) to heapauxi.o(.text) for __use_two_region_memory
    startup_stm32f10x_hd.o(HEAP) refers (Special) to heapauxi.o(.text) for __use_two_region_memory
    startup_stm32f10x_hd.o(RESET) refers (Special) to heapauxi.o(.text) for __use_two_region_memory
    startup_stm32f10x_hd.o(RESET) refers to startup_stm32f10x_hd.o(.text) for Reset_Handler
    startup_stm32f10x_hd.o(RESET) refers to stm32f10x_it.o(i.NMI_Handler) for NMI_Handler
    startup_stm32f10x_hd.o(RESET) refers to stm32f10x_it.o(i.HardFault_Handler) for HardFault_Handler
    startup_stm32f10x_hd.o(RESET) refers to stm32f10x_it.o(i.MemManage_Handler) for MemManage_Handler
    startup_stm32f10x_hd.o(RESET) refers to stm32f10x_it.o(i.BusFault_Handler) for BusFault_Handler
    startup_stm32f10x_hd.o(RESET) refers to stm32f10x_it.o(i.UsageFault_Handler) for UsageFault_Handler
    startup_stm32f10x_hd.o(RESET) refers to stm32f10x_it.o(i.SVC_Handler) for SVC_Handler
    startup_stm32f10x_hd.o(RESET) refers to stm32f10x_it.o(i.DebugMon_Handler) for DebugMon_Handler
    startup_stm32f10x_hd.o(RESET) refers to os_cpu_a.o(.text) for OS_CPU_PendSVHandler
    startup_stm32f10x_hd.o(RESET) refers to stm32f10x_it.o(i.SysTick_Handler) for SysTick_Handler
    startup_stm32f10x_hd.o(.text) refers (Special) to heapauxi.o(.text) for __use_two_region_memory
    startup_stm32f10x_hd.o(.text) refers to system_stm32f10x.o(i.SystemInit) for SystemInit
    startup_stm32f10x_hd.o(.text) refers to startup_stm32f10x_hd.o(STACK) for __initial_sp
    startup_stm32f10x_hd.o(.text) refers to __main.o(!!!main) for __main
    startup_stm32f10x_hd.o(.text) refers to startup_stm32f10x_hd.o(HEAP) for Heap_Mem
    stm32f10x_flash.o(i.FLASH_EnableWriteProtection) refers to stm32f10x_flash.o(i.FLASH_WaitForLastOperation) for FLASH_WaitForLastOperation
    stm32f10x_flash.o(i.FLASH_EraseAllBank1Pages) refers to stm32f10x_flash.o(i.FLASH_WaitForLastBank1Operation) for FLASH_WaitForLastBank1Operation
    stm32f10x_flash.o(i.FLASH_EraseAllPages) refers to stm32f10x_flash.o(i.FLASH_WaitForLastOperation) for FLASH_WaitForLastOperation
    stm32f10x_flash.o(i.FLASH_EraseOptionBytes) refers to stm32f10x_flash.o(i.FLASH_GetReadOutProtectionStatus) for FLASH_GetReadOutProtectionStatus
    stm32f10x_flash.o(i.FLASH_EraseOptionBytes) refers to stm32f10x_flash.o(i.FLASH_WaitForLastOperation) for FLASH_WaitForLastOperation
    stm32f10x_flash.o(i.FLASH_ErasePage) refers to stm32f10x_flash.o(i.FLASH_WaitForLastOperation) for FLASH_WaitForLastOperation
    stm32f10x_flash.o(i.FLASH_ProgramHalfWord) refers to stm32f10x_flash.o(i.FLASH_WaitForLastOperation) for FLASH_WaitForLastOperation
    stm32f10x_flash.o(i.FLASH_ProgramOptionByteData) refers to stm32f10x_flash.o(i.FLASH_WaitForLastOperation) for FLASH_WaitForLastOperation
    stm32f10x_flash.o(i.FLASH_ProgramWord) refers to stm32f10x_flash.o(i.FLASH_WaitForLastOperation) for FLASH_WaitForLastOperation
    stm32f10x_flash.o(i.FLASH_ReadOutProtection) refers to stm32f10x_flash.o(i.FLASH_WaitForLastOperation) for FLASH_WaitForLastOperation
    stm32f10x_flash.o(i.FLASH_UserOptionByteConfig) refers to stm32f10x_flash.o(i.FLASH_WaitForLastOperation) for FLASH_WaitForLastOperation
    stm32f10x_flash.o(i.FLASH_WaitForLastBank1Operation) refers to stm32f10x_flash.o(i.FLASH_GetBank1Status) for FLASH_GetBank1Status
    stm32f10x_flash.o(i.FLASH_WaitForLastOperation) refers to stm32f10x_flash.o(i.FLASH_GetBank1Status) for FLASH_GetBank1Status
    stm32f10x_gpio.o(i.GPIO_AFIODeInit) refers to stm32f10x_rcc.o(i.RCC_APB2PeriphResetCmd) for RCC_APB2PeriphResetCmd
    stm32f10x_gpio.o(i.GPIO_DeInit) refers to stm32f10x_rcc.o(i.RCC_APB2PeriphResetCmd) for RCC_APB2PeriphResetCmd
    stm32f10x_rcc.o(i.RCC_GetClocksFreq) refers to stm32f10x_rcc.o(.data) for .data
    stm32f10x_rcc.o(i.RCC_WaitForHSEStartUp) refers to stm32f10x_rcc.o(i.RCC_GetFlagStatus) for RCC_GetFlagStatus
    stm32f10x_adc.o(i.ADC_DeInit) refers to stm32f10x_rcc.o(i.RCC_APB2PeriphResetCmd) for RCC_APB2PeriphResetCmd
    stm32f10x_bkp.o(i.BKP_DeInit) refers to stm32f10x_rcc.o(i.RCC_BackupResetCmd) for RCC_BackupResetCmd
    stm32f10x_can.o(i.CAN_DeInit) refers to stm32f10x_rcc.o(i.RCC_APB1PeriphResetCmd) for RCC_APB1PeriphResetCmd
    stm32f10x_can.o(i.CAN_GetITStatus) refers to stm32f10x_can.o(i.CheckITStatus) for CheckITStatus
    stm32f10x_cec.o(i.CEC_DeInit) refers to stm32f10x_rcc.o(i.RCC_APB1PeriphResetCmd) for RCC_APB1PeriphResetCmd
    stm32f10x_dac.o(i.DAC_DeInit) refers to stm32f10x_rcc.o(i.RCC_APB1PeriphResetCmd) for RCC_APB1PeriphResetCmd
    stm32f10x_i2c.o(i.I2C_DeInit) refers to stm32f10x_rcc.o(i.RCC_APB1PeriphResetCmd) for RCC_APB1PeriphResetCmd
    stm32f10x_i2c.o(i.I2C_Init) refers to stm32f10x_rcc.o(i.RCC_GetClocksFreq) for RCC_GetClocksFreq
[...]
    i.OS_MsgPoolInit                         0x08001644   Section        0  os_msg.o(i.OS_MsgPoolInit)
    i.OS_MsgQFreeAll                         0x080016ac   Section        0  os_msg.o(i.OS_MsgQFreeAll)
    i.OS_MsgQInit                            0x080016e0   Section        0  os_msg.o(i.OS_MsgQInit)
    i.OS_MsgQPut                             0x080016f0   Section        0  os_msg.o(i.OS_MsgQPut)
    i.OS_MutexInit                           0x08001778   Section        0  os_mutex.o(i.OS_MutexInit)
    i.OS_Pend                                0x08001790   Section        0  os_core.o(i.OS_Pend)
    i.OS_PendDataInit                        0x080017e0   Section        0  os_core.o(i.OS_PendDataInit)
    i.OS_PendDbgNameAdd                      0x08001810   Section        0  os_core.o(i.OS_PendDbgNameAdd)
    i.OS_PendDbgNameRemove                   0x08001858   Section        0  os_core.o(i.OS_PendDbgNameRemove)
    i.OS_PendListInsertPrio                  0x08001874   Section        0  os_core.o(i.OS_PendListInsertPrio)
    i.OS_PendListRemove                      0x080018ce   Section        0  os_core.o(i.OS_PendListRemove)
    i.OS_PendListRemove1                     0x080018f4   Section        0  os_core.o(i.OS_PendListRemove1)
    i.OS_Post                                0x0800192a   Section        0  os_core.o(i.OS_Post)
    i.OS_Post1                               0x080019c2   Section        0  os_core.o(i.OS_Post1)
    i.OS_PrioGetHighest                      0x080019e8   Section        0  os_prio.o(i.OS_PrioGetHighest)
    i.OS_PrioInit                            0x08001a0c   Section        0  os_prio.o(i.OS_PrioInit)
    i.OS_PrioInsert                          0x08001a18   Section        0  os_prio.o(i.OS_PrioInsert)
    i.OS_PrioRemove                          0x08001a38   Section        0  os_prio.o(i.OS_PrioRemove)
    i.OS_QInit                               0x08001a58   Section        0  os_q.o(i.OS_QInit)
    i.OS_QPost                               0x08001a70   Section        0  os_q.o(i.OS_QPost)
    i.OS_RdyListInit                         0x08001b34   Section        0  os_core.o(i.OS_RdyListInit)
    i.OS_RdyListInsert                       0x08001b58   Section        0  os_core.o(i.OS_RdyListInsert)
    i.OS_RdyListInsertHead                   0x08001b88   Section        0  os_core.o(i.OS_RdyListInsertHead)
    i.OS_RdyListInsertTail                   0x08001bc0   Section        0  os_core.o(i.OS_RdyListInsertTail)
    i.OS_RdyListMoveHeadToTail               0x08001bf4   Section        0  os_core.o(i.OS_RdyListMoveHeadToTail)
    i.OS_RdyListRemove                       0x08001c28   Section        0  os_core.o(i.OS_RdyListRemove)
    i.OS_Sched0                              0x08001c7c   Section        0  os_core.o(i.OS_Sched0)
    i.OS_SchedRoundRobin                     0x08001cc4   Section        0  os_core.o(i.OS_SchedRoundRobin)
    i.OS_SemInit                             0x08001d28   Section        0  os_sem.o(i.OS_SemInit)
    i.OS_SemPost                             0x08001d40   Section        0  os_sem.o(i.OS_SemPost)
    i.OS_StatTask                            0x08001df4   Section        0  os_stat.o(i.OS_StatTask)
    i.OS_StatTaskInit                        0x0800201c   Section        0  os_stat.o(i.OS_StatTaskInit)
    i.OS_TaskBlock                           0x080020d8   Section        0  os_core.o(i.OS_TaskBlock)
    i.OS_TaskDbgListAdd                      0x08002104   Section        0  os_task.o(i.OS_TaskDbgListAdd)
    i.OS_TaskDbgListRemove                   0x08002128   Section        0  os_task.o(i.OS_TaskDbgListRemove)
    i.OS_TaskInit                            0x08002160   Section        0  os_task.o(i.OS_TaskInit)
    i.OS_TaskInitTCB                         0x08002180   Section        0  os_task.o(i.OS_TaskInitTCB)
    i.OS_TaskQPost                           0x0800223c   Section        0  os_task.o(i.OS_TaskQPost)
    i.OS_TaskRdy                             0x08002328   Section        0  os_core.o(i.OS_TaskRdy)
    i.OS_TaskResume                          0x08002344   Section        0  os_task.o(i.OS_TaskResume)
    i.OS_TaskReturn                          0x08002400   Section        0  os_task.o(i.OS_TaskReturn)
    i.OS_TaskSemPost                         0x08002418   Section        0  os_task.o(i.OS_TaskSemPost)
    i.OS_TaskSuspend                         0x0800252c   Section        0  os_task.o(i.OS_TaskSuspend)
    i.OS_TickListInit                        0x080025d4   Section        0  os_tick.o(i.OS_TickListInit)
    i.OS_TickListInsert                      0x08002600   Section        0  os_tick.o(i.OS_TickListInsert)
    i.OS_TickListRemove                      0x080026d8   Section        0  os_tick.o(i.OS_TickListRemove)
    i.OS_TickListResetPeak                   0x08002710   Section        0  os_tick.o(i.OS_TickListResetPeak)
    i.OS_TickListUpdate                      0x08002738   Section        0  os_tick.o(i.OS_TickListUpdate)
    i.OS_TickTask                            0x08002878   Section        0  os_tick.o(i.OS_TickTask)
    i.OS_TickTaskInit                        0x080028a0   Section        0  os_tick.o(i.OS_TickTaskInit)
    i.OS_TmrInit                             0x08002948   Section        0  os_tmr.o(i.OS_TmrInit)
    i.OS_TmrLink                             0x08002a4c   Section        0  os_tmr.o(i.OS_TmrLink)
    i.OS_TmrResetPeak                        0x08002ae4   Section        0  os_tmr.o(i.OS_TmrResetPeak)
    i.OS_TmrTask                             0x08002b0c   Section        0  os_tmr.o(i.OS_TmrTask)
    i.OS_TmrUnlink                           0x08002ba8   Section        0  os_tmr.o(i.OS_TmrUnlink)
    i.Our_Sys_Init                           0x08002bf4   Section        0  bsp.o(i.Our_Sys_Init)
    i.RCC_APB2PeriphClockCmd                 0x08002c08   Section        0  stm32f10x_rcc.o(i.RCC_APB2PeriphClockCmd)
    i.RCC_ClockSecuritySystemCmd             0x08002c20   Section        0  stm32f10x_rcc.o(i.RCC_ClockSecuritySystemCmd)
    i.RCC_DeInit                             0x08002c2c   Section        0  stm32f10x_rcc.o(i.RCC_DeInit)
    i.RCC_GetClocksFreq                      0x08002c6c   Section        0  stm32f10x_rcc.o(i.RCC_GetClocksFreq)
    i.RCC_GetFlagStatus                      0x08002cfc   Section        0  stm32f10x_rcc.o(i.RCC_GetFlagStatus)
    i.RCC_GetSYSCLKSource                    0x08002d2c   Section        0  stm32f10x_rcc.o(i.RCC_GetSYSCLKSource)
    i.RCC_HCLKConfig                         0x08002d3c   Section        0  stm32f10x_rcc.o(i.RCC_HCLKConfig)
    i.RCC_HSEConfig                          0x08002d50   Section        0  stm32f10x_rcc.o(i.RCC_HSEConfig)
    i.RCC_PCLK1Config                        0x08002d84   Section        0  stm32f10x_rcc.o(i.RCC_PCLK1Config)
    i.RCC_PCLK2Config                        0x08002d98   Section        0  stm32f10x_rcc.o(i.RCC_PCLK2Config)
    i.RCC_PLLCmd                             0x08002dac   Section        0  stm32f10x_rcc.o(i.RCC_PLLCmd)
    i.RCC_PLLConfig                          0x08002db8   Section        0  stm32f10x_rcc.o(i.RCC_PLLConfig)
    i.RCC_SYSCLKConfig                       0x08002dcc   Section        0  stm32f10x_rcc.o(i.RCC_SYSCLKConfig)
    i.RCC_WaitForHSEStartUp                  0x08002de0   Section        0  stm32f10x_rcc.o(i.RCC_WaitForHSEStartUp)
    i.RCC_init                               0x08002e0c   Section        0  bsp.o(i.RCC_init)
    i.SVC_Handler                            0x08002e90   Section        0  stm32f10x_it.o(i.SVC_Handler)
    i.SetSysClockTo72                        0x08002e94   Section        0  system_stm32f10x.o(i.SetSysClockTo72)
    SetSysClockTo72                          0x08002e95   Thumb Code   160  system_stm32f10x.o(i.SetSysClockTo72)
    i.SysTick_Handler                        0x08002f3c   Section        0  stm32f10x_it.o(i.SysTick_Handler)
    i.SystemInit                             0x08002f50   Section        0  system_stm32f10x.o(i.SystemInit)
    i.Systick_init                           0x08002fa0   Section        0  bsp.o(i.Systick_init)
    i.Task_LED1                              0x08002fe0   Section        0  app.o(i.Task_LED1)
    i.Task_LED2                              0x08003024   Section        0  app.o(i.Task_LED2)
    i.Task_LED3                              0x08003068   Section        0  app.o(i.Task_LED3)
    i.Task_Start                             0x080030b0   Section        0  app.o(i.Task_Start)
    i.UsageFault_Handler                     0x08003170   Section        0  stm32f10x_it.o(i.UsageFault_Handler)
    i.main                                   0x08003174   Section        0  app.o(i.main)
    .constdata                               0x080031c8   Section        4  os_cfg_app.o(.constdata)
    .constdata                               0x080031cc   Section        4  os_cfg_app.o(.constdata)
    .constdata                               0x080031d0   Section        4  os_cfg_app.o(.constdata)
    .constdata                               0x080031d4   Section        4  os_cfg_app.o(.constdata)
    .constdata                               0x080031d8   Section        2  os_cfg_app.o(.constdata)
    .constdata                               0x080031dc   Section        4  os_cfg_app.o(.constdata)
    .constdata                               0x080031e0   Section        4  os_cfg_app.o(.constdata)
    .constdata                               0x080031e4   Section        4  os_cfg_app.o(.constdata)
    .constdata                               0x080031e8   Section        4  os_cfg_app.o(.constdata)
    .constdata                               0x080031ec   Section        4  os_cfg_app.o(.constdata)
    .constdata                               0x080031f0   Section        2  os_cfg_app.o(.constdata)
    .constdata                               0x080031f4   Section        4  os_cfg_app.o(.constdata)
    .constdata                               0x080031f8   Section        1  os_cfg_app.o(.constdata)
    .constdata                               0x080031fc   Section        4  os_cfg_app.o(.constdata)
    .constdata                               0x08003200   Section        4  os_cfg_app.o(.constdata)
    .constdata                               0x08003204   Section        4  os_cfg_app.o(.constdata)
    .constdata                               0x08003208   Section        4  os_cfg_app.o(.constdata)
    .constdata                               0x0800320c   Section        4  os_cfg_app.o(.constdata)
    .constdata                               0x08003210   Section        4  os_cfg_app.o(.constdata)
    .constdata                               0x08003214   Section        1  os_cfg_app.o(.constdata)
    .constdata                               0x08003218   Section        4  os_cfg_app.o(.constdata)
    .constdata                               0x0800321c   Section        4  os_cfg_app.o(.constdata)
    .constdata                               0x08003220   Section        4  os_cfg_app.o(.constdata)
    .constdata                               0x08003224   Section        2  os_cfg_app.o(.constdata)
    .constdata                               0x08003226   Section        1  os_cfg_app.o(.constdata)
    .constdata                               0x08003228   Section        4  os_cfg_app.o(.constdata)
    .constdata                               0x0800322c   Section        4  os_cfg_app.o(.constdata)
    .constdata                               0x08003230   Section        4  os_cfg_app.o(.constdata)
    .constdata                               0x08003234   Section        4  os_cfg_app.o(.constdata)
    .constdata                               0x08003238   Section        2  os_cfg_app.o(.constdata)
    .data                                    0x20000000   Section       20  stm32f10x_rcc.o(.data)
    ADCPrescTable                            0x20000000   Data           4  stm32f10x_rcc.o(.data)
    APBAHBPrescTable                         0x20000004   Data          16  stm32f10x_rcc.o(.data)
    .data                                    0x20000014   Section        4  os_prio.o(.data)
    .data                                    0x20000018   Section        4  os_var.o(.data)
    .data                                    0x2000001c   Section        4  os_var.o(.data)
    .data                                    0x20000020   Section        4  os_var.o(.data)
    .data                                    0x20000024   Section        4  os_var.o(.data)
    .data                                    0x20000028   Section        4  os_var.o(.data)
    .data                                    0x2000002c   Section        4  os_var.o(.data)
    .data                                    0x20000030   Section        4  os_var.o(.data)
    .data                                    0x20000034   Section        4  os_var.o(.data)
    .data                                    0x20000038   Section        1  os_var.o(.data)
    .data                                    0x20000039   Section        1  os_var.o(.data)
    .data                                    0x2000003c   Section        4  os_var.o(.data)
    .data                                    0x20000040   Section        4  os_var.o(.data)
    .data                                    0x20000044   Section        2  os_var.o(.data)
    .data                                    0x20000046   Section        2  os_var.o(.data)
    .data                                    0x20000048   Section        2  os_var.o(.data)
    .data                                    0x2000004c   Section        4  os_var.o(.data)
    .data                                    0x20000050   Section        4  os_var.o(.data)
    .data                                    0x20000054   Section        2  os_var.o(.data)
    .data                                    0x20000058   Section        4  os_var.o(.data)
    .data                                    0x2000005c   Section        2  os_var.o(.data)
    .data                                    0x20000060   Section        4  os_var.o(.data)
    .data                                    0x20000064   Section        2  os_var.o(.data)
    .data                                    0x20000066   Section        1  os_var.o(.data)
    .data                                    0x20000067   Section        1  os_var.o(.data)
    .data                                    0x20000068   Section        1  os_var.o(.data)
    .data                                    0x2000006c   Section        4  os_var.o(.data)
    .data                                    0x20000070   Section        2  os_var.o(.data)
    .data                                    0x20000072   Section        1  os_var.o(.data)
    .data                                    0x20000074   Section        4  os_var.o(.data)
    .data                                    0x20000078   Section        1  os_var.o(.data)
    .data                                    0x2000007c   Section        4  os_var.o(.data)
    .data                                    0x20000080   Section        2  os_var.o(.data)
    .data                                    0x20000082   Section        1  os_var.o(.data)
    .data                                    0x20000084   Section        2  os_var.o(.data)
    .data                                    0x20000086   Section        2  os_var.o(.data)
    .data                                    0x20000088   Section        4  os_var.o(.data)
    .data                                    0x2000008c   Section        4  os_var.o(.data)
    .data                                    0x20000090   Section        4  os_var.o(.data)
    .data                                    0x20000094   Section        1  os_var.o(.data)
    .data                                    0x20000098   Section        4  os_var.o(.data)
    .data                                    0x2000009c   Section        4  os_var.o(.data)
    .data                                    0x200000a0   Section        4  os_var.o(.data)
    .data                                    0x200000a4   Section        2  os_var.o(.data)
    .data                                    0x200000a6   Section        1  os_var.o(.data)
    .data                                    0x200000a8   Section        4  os_var.o(.data)
    .data                                    0x200000ac   Section        4  os_var.o(.data)
    .data                                    0x200000b0   Section        4  os_var.o(.data)
    .data                                    0x200000b4   Section        4  os_var.o(.data)
    .data                                    0x200000b8   Section        4  os_var.o(.data)
    .data                                    0x200000bc   Section        4  os_var.o(.data)
    .data                                    0x200000c0   Section        4  os_var.o(.data)
    .data                                    0x200000c4   Section        4  os_var.o(.data)
    .data                                    0x200000c8   Section        4  os_var.o(.data)
    .data                                    0x200000cc   Section        4  os_cpu_c.o(.data)
    .bss                                     0x200000d0   Section       20  bsp.o(.bss)
    .bss                                     0x200000e4   Section     2624  app.o(.bss)
    LED1_TCB                                 0x200002e4   Data         192  app.o(.bss)
    LED1_Stk                                 0x200003a4   Data         512  app.o(.bss)
    LED2_TCB                                 0x200005a4   Data         192  app.o(.bss)
    LED2_Stk                                 0x20000664   Data         512  app.o(.bss)
    LED3_TCB                                 0x20000864   Data         192  app.o(.bss)
    LED3_Stk                                 0x20000924   Data         512  app.o(.bss)
    .bss                                     0x20000b24   Section      512  os_cfg_app.o(.bss)
    .bss                                     0x20000d24   Section      320  os_cfg_app.o(.bss)
    .bss                                     0x20000e64   Section      512  os_cfg_app.o(.bss)
    .bss                                     0x20001064   Section      512  os_cfg_app.o(.bss)
    .bss                                     0x20001264   Section     1600  os_cfg_app.o(.bss)
    .bss                                     0x200018a4   Section      512  os_cfg_app.o(.bss)
    .bss                                     0x20001aa4   Section      512  os_cfg_app.o(.bss)
    .bss                                     0x20001ca4   Section      136  os_cfg_app.o(.bss)
    .bss                                     0x20001d2c   Section      512  os_cfg_app.o(.bss)
    .bss                                     0x20001f2c   Section      136  os_cfg_app.o(.bss)
    .bss                                     0x20001fb4   Section      192  os_var.o(.bss)
    .bss                                     0x20002074   Section      192  os_var.o(.bss)
    .bss                                     0x20002134   Section       12  os_var.o(.bss)
    .bss                                     0x20002140   Section      384  os_var.o(.bss)
    .bss                                     0x200022c0   Section      192  os_var.o(.bss)
    .bss                                     0x20002380   Section      192  os_var.o(.bss)
    .bss                                     0x20002440   Section      192  os_var.o(.bss)
    .bss                                     0x20002500   Section       96  libspace.o(.bss)
    HEAP                                     0x20002560   Section      512  startup_stm32f10x_hd.o(HEAP)
    Heap_Mem                                 0x20002560   Data         512  startup_stm32f10x_hd.o(HEAP)
    STACK                                    0x20002760   Section     1024  startup_stm32f10x_hd.o(STACK)
    Stack_Mem                                0x20002760   Data        1024  startup_stm32f10x_hd.o(STACK)
    __initial_sp                             0x20002b60   Data           0  startup_stm32f10x_hd.o(STACK)

    Global Symbols

    Symbol Name                              Value     Ov Type        Size  Object(Section)

    BuildAttributes$$THM_ISAv4$P$D$K$B$S$PE$A:L22UL41UL21$X:L11$S22US41US21$IEEE1$IW$USESV6$~STKCKD$USESV7$~SHL$OSPACE$ROPI$EBA8$UX$STANDARDLIB$REQ8$PRES8$EABIv2 0x00000000   Number         0  anon$$obj.o ABSOLUTE
    __ARM_use_no_argv                        0x00000000   Number         0  app.o ABSOLUTE
    __ARM_exceptions_init                     - Undefined Weak Reference
    __alloca_initialize                       - Undefined Weak Reference
    __arm_preinit_                            - Undefined Weak Reference
    __cpp_initialize__aeabi_                  - Undefined Weak Reference
    __cxa_finalize                            - Undefined Weak Reference
    __rt_locale                               - Undefined Weak Reference
    __sigvec_lookup                           - Undefined Weak Reference
    _atexit_init                              - Undefined Weak Reference
    _call_atexit_fns                          - Undefined Weak Reference
    _clock_init                               - Undefined Weak Reference
    _fp_trap_init                             - Undefined Weak Reference
    _fp_trap_shutdown                         - Undefined Weak Reference
    _get_lc_collate                           - Undefined Weak Reference
    _get_lc_ctype                             - Undefined Weak Reference
    _get_lc_monetary                          - Undefined Weak Reference
    _get_lc_numeric                           - Undefined Weak Reference
    _get_lc_time                              - Undefined Weak Reference
    _getenv_init                              - Undefined Weak Reference
    _handle_redirection                       - Undefined Weak Reference
    _init_alloc                               - Undefined Weak Reference
    _init_user_alloc                          - Undefined Weak Reference
    _initio                                   - Undefined Weak Reference
    _rand_init                                - Undefined Weak Reference
    _signal_finish                            - Undefined Weak Reference
    _signal_init                              - Undefined Weak Reference
    _terminate_alloc                          - Undefined Weak Reference
    _terminate_user_alloc                     - Undefined Weak Reference
    _terminateio                              - Undefined Weak Reference
    __Vectors_Size                           0x00000130   Number         0  startup_stm32f10x_hd.o ABSOLUTE
    __Vectors                                0x08000000   Data           4  startup_stm32f10x_hd.o(RESET)
    __Vectors_End                            0x08000130   Data           0  startup_stm32f10x_hd.o(RESET)
    __main                                   0x08000131   Thumb Code     8  __main.o(!!!main)
    __scatterload                            0x08000139   Thumb Code     0  __scatter.o(!!!scatter)
    __scatterload_rt2                        0x08000139   Thumb Code    44  __scatter.o(!!!scatter)
    __scatterload_rt2_thumb_only             0x08000139   Thumb Code     0  __scatter.o(!!!scatter)
    __scatterload_null                       0x08000147   Thumb Code     0  __scatter.o(!!!scatter)
    __scatterload_copy                       0x0800016d   Thumb Code    26  __scatter_copy.o(!!handler_copy)
    __scatterload_zeroinit                   0x08000189   Thumb Code    28  __scatter_zi.o(!!handler_zi)
    __rt_lib_init                            0x080001a5   Thumb Code     0  libinit.o(.ARM.Collect$$libinit$$00000000)
    __rt_lib_init_alloca_1                   0x080001a7   Thumb Code     0  libinit2.o(.ARM.Collect$$libinit$$0000002E)
    __rt_lib_init_argv_1                     0x080001a7   Thumb Code     0  libinit2.o(.ARM.Collect$$libinit$$0000002C)
    __rt_lib_init_atexit_1                   0x080001a7   Thumb Code     0  libinit2.o(.ARM.Collect$$libinit$$0000001B)
    __rt_lib_init_clock_1                    0x080001a7   Thumb Code     0  libinit2.o(.ARM.Collect$$libinit$$00000021)
    __rt_lib_init_cpp_1                      0x080001a7   Thumb Code     0  libinit2.o(.ARM.Collect$$libinit$$00000032)
    __rt_lib_init_exceptions_1               0x080001a7   Thumb Code     0  libinit2.o(.ARM.Collect$$libinit$$00000030)
    __rt_lib_init_fp_1                       0x080001a7   Thumb Code     0  libinit2.o(.ARM.Collect$$libinit$$00000002)
    __rt_lib_init_fp_trap_1                  0x080001a7   Thumb Code     0  libinit2.o(.ARM.Collect$$libinit$$0000001F)
    __rt_lib_init_getenv_1                   0x080001a7   Thumb Code     0  libinit2.o(.ARM.Collect$$libinit$$00000023)
    __rt_lib_init_heap_1                     0x080001a7   Thumb Code     0  libinit2.o(.ARM.Collect$$libinit$$0000000A)
    __rt_lib_init_lc_collate_1               0x080001a7   Thumb Code     0  libinit2.o(.ARM.Collect$$libinit$$00000011)
    __rt_lib_init_lc_ctype_1                 0x080001a7   Thumb Code     0  libinit2.o(.ARM.Collect$$libinit$$00000013)
    __rt_lib_init_lc_monetary_1              0x080001a7   Thumb Code     0  libinit2.o(.ARM.Collect$$libinit$$00000015)
    __rt_lib_init_lc_numeric_1               0x080001a7   Thumb Code     0  libinit2.o(.ARM.Collect$$libinit$$00000017)
    __rt_lib_init_lc_time_1                  0x080001a7   Thumb Code     0  libinit2.o(.ARM.Collect$$libinit$$00000019)
    __rt_lib_init_preinit_1                  0x080001a7   Thumb Code     0  libinit2.o(.ARM.Collect$$libinit$$00000004)
    __rt_lib_init_rand_1                     0x080001a7   Thumb Code     0  libinit2.o(.ARM.Collect$$libinit$$0000000E)
    __rt_lib_init_return                     0x080001a7   Thumb Code     0  libinit2.o(.ARM.Collect$$libinit$$00000033)
    __rt_lib_init_signal_1                   0x080001a7   Thumb Code     0  libinit2.o(.ARM.Collect$$libinit$$0000001D)
    __rt_lib_init_stdio_1                    0x080001a7   Thumb Code     0  libinit2.o(.ARM.Collect$$libinit$$00000025)
    __rt_lib_init_user_alloc_1               0x080001a7   Thumb Code     0  libinit2.o(.ARM.Collect$$libinit$$0000000C)
    __rt_lib_shutdown                        0x080001a9   Thumb Code     0  libshutdown.o(.ARM.Collect$$libshutdown$$00000000)
    __rt_lib_shutdown_fp_trap_1              0x080001ab   Thumb Code     0  libshutdown2.o(.ARM.Collect$$libshutdown$$00000006)
    __rt_lib_shutdown_heap_1                 0x080001ab   Thumb Code     0  libshutdown2.o(.ARM.Collect$$libshutdown$$0000000E)
    __rt_lib_shutdown_return                 0x080001ab   Thumb Code     0  libshutdown2.o(.ARM.Collect$$libshutdown$$0000000F)
    __rt_lib_shutdown_signal_1               0x080001ab   Thumb Code     0  libshutdown2.o(.ARM.Collect$$libshutdown$$00000009)
    __rt_lib_shutdown_stdio_1                0x080001ab   Thumb Code     0  libshutdown2.o(.ARM.Collect$$libshutdown$$00000003)
    __rt_lib_shutdown_user_alloc_1           0x080001ab   Thumb Code     0  libshutdown2.o(.ARM.Collect$$libshutdown$$0000000B)
    __rt_entry                               0x080001ad   Thumb Code     0  __rtentry.o(.ARM.Collect$$rtentry$$00000000)
    __rt_entry_presh_1                       0x080001ad   Thumb Code     0  __rtentry2.o(.ARM.Collect$$rtentry$$00000002)
    __rt_entry_sh                            0x080001ad   Thumb Code     0  __rtentry4.o(.ARM.Collect$$rtentry$$00000004)
    __rt_entry_li                            0x080001b3   Thumb Code     0  __rtentry2.o(.ARM.Collect$$rtentry$$0000000A)
    __rt_entry_postsh_1                      0x080001b3   Thumb Code     0  __rtentry2.o(.ARM.Collect$$rtentry$$00000009)
    __rt_entry_main                          0x080001b7   Thumb Code     0  __rtentry2.o(.ARM.Collect$$rtentry$$0000000D)
    __rt_entry_postli_1                      0x080001b7   Thumb Code     0  __rtentry2.o(.ARM.Collect$$rtentry$$0000000C)
    __rt_exit                                0x080001bf   Thumb Code     0  rtexit.o(.ARM.Collect$$rtexit$$00000000)
    __rt_exit_ls                             0x080001c1   Thumb Code     0  rtexit2.o(.ARM.Collect$$rtexit$$00000003)
    __rt_exit_prels_1                        0x080001c1   Thumb Code     0  rtexit2.o(.ARM.Collect$$rtexit$$00000002)
    __rt_exit_exit                           0x080001c5   Thumb Code     0  rtexit2.o(.ARM.Collect$$rtexit$$00000004)
    Reset_Handler                            0x080001cd   Thumb Code    14  startup_stm32f10x_hd.o(.text)
    ADC1_2_IRQHandler                        0x080001ed   Thumb Code     0  startup_stm32f10x_hd.o(.text)
    ADC3_IRQHandler                          0x080001ed   Thumb Code     0  startup_stm32f10x_hd.o(.text)
    CAN1_RX1_IRQHandler                      0x080001ed   Thumb Code     0  startup_stm32f10x_hd.o(.text)
    CAN1_SCE_IRQHandler                      0x080001ed   Thumb Code     0  startup_stm32f10x_hd.o(.text)
    DMA1_Channel1_IRQHandler                 0x080001ed   Thumb Code     0  startup_stm32f10x_hd.o(.text)
    DMA1_Channel2_IRQHandler                 0x080001ed   Thumb Code     0  startup_stm32f10x_hd.o(.text)
    DMA1_Channel3_IRQHandler                 0x080001ed   Thumb Code     0  startup_stm32f10x_hd.o(.text)
    DMA1_Channel4_IRQHandler                 0x080001ed   Thumb Code     0  startup_stm32f10x_hd.o(.text)
    DMA1_Channel5_IRQHandler                 0x080001ed   Thumb Code     0  startup_stm32f10x_hd.o(.text)
    DMA1_Channel6_IRQHandler                 0x080001ed   Thumb Code     0  startup_stm32f10x_hd.o(.text)
    DMA1_Channel7_IRQHandler                 0x080001ed   Thumb Code     0  startup_stm32f10x_hd.o(.text)
    DMA2_Channel1_IRQHandler                 0x080001ed   Thumb Code     0  startup_stm32f10x_hd.o(.text)
    DMA2_Channel2_IRQHandler                 0x080001ed   Thumb Code     0  startup_stm32f10x_hd.o(.text)
    DMA2_Channel3_IRQHandler                 0x080001ed   Thumb Code     0  startup_stm32f10x_hd.o(.text)
    DMA2_Channel4_5_IRQHandler               0x080001ed   Thumb Code     0  startup_stm32f10x_hd.o(.text)
    EXTI0_IRQHandler                         0x080001ed   Thumb Code     0  startup_stm32f10x_hd.o(.text)
    EXTI15_10_IRQHandler                     0x080001ed   Thumb Code     0  startup_stm32f10x_hd.o(.text)
    EXTI1_IRQHandler                         0x080001ed   Thumb Code     0  startup_stm32f10x_hd.o(.text)
    EXTI2_IRQHandler                         0x080001ed   Thumb Code     0  startup_stm32f10x_hd.o(.text)
    EXTI3_IRQHandler                         0x080001ed   Thumb Code     0  startup_stm32f10x_hd.o(.text)
    EXTI4_IRQHandler                         0x080001ed   Thumb Code     0  startup_stm32f10x_hd.o(.text)
    EXTI9_5_IRQHandler                       0x080001ed   Thumb Code     0  startup_stm32f10x_hd.o(.text)
    FLASH_IRQHandler                         0x080001ed   Thumb Code     0  startup_stm32f10x_hd.o(.text)
    FSMC_IRQHandler                          0x080001ed   Thumb Code     0  startup_stm32f10x_hd.o(.text)
    I2C1_ER_IRQHandler                       0x080001ed   Thumb Code     0  startup_stm32f10x_hd.o(.text)
    I2C1_EV_IRQHandler                       0x080001ed   Thumb Code     0  startup_stm32f10x_hd.o(.text)
    I2C2_ER_IRQHandler                       0x080001ed   Thumb Code     0  startup_stm32f10x_hd.o(.text)
    I2C2_EV_IRQHandler                       0x080001ed   Thumb Code     0  startup_stm32f10x_hd.o(.text)
    PVD_IRQHandler                           0x080001ed   Thumb Code     0  startup_stm32f10x_hd.o(.text)
    RCC_IRQHandler                           0x080001ed   Thumb Code     0  startup_stm32f10x_hd.o(.text)
    RTCAlarm_IRQHandler                      0x080001ed   Thumb Code     0  startup_stm32f10x_hd.o(.text)
    RTC_IRQHandler                           0x080001ed   Thumb Code     0  startup_stm32f10x_hd.o(.text)
    SDIO_IRQHandler                          0x080001ed   Thumb Code     0  startup_stm32f10x_hd.o(.text)
    SPI1_IRQHandler                          0x080001ed   Thumb Code     0  startup_stm32f10x_hd.o(.text)
    SPI2_IRQHandler                          0x080001ed   Thumb Code     0  startup_stm32f10x_hd.o(.text)
    SPI3_IRQHandler                          0x080001ed   Thumb Code     0  startup_stm32f10x_hd.o(.text)
    TAMPER_IRQHandler                        0x080001ed   Thumb Code     0  startup_stm32f10x_hd.o(.text)
    TIM1_BRK_IRQHandler                      0x080001ed   Thumb Code     0  startup_stm32f10x_hd.o(.text)
    TIM1_CC_IRQHandler                       0x080001ed   Thumb Code     0  startup_stm32f10x_hd.o(.text)
    TIM1_TRG_COM_IRQHandler                  0x080001ed   Thumb Code     0  startup_stm32f10x_hd.o(.text)
    TIM1_UP_IRQHandler                       0x080001ed   Thumb Code     0  startup_stm32f10x_hd.o(.text)
    TIM2_IRQHandler                          0x080001ed   Thumb Code     0  startup_stm32f10x_hd.o(.text)
    TIM3_IRQHandler                          0x080001ed   Thumb Code     0  startup_stm32f10x_hd.o(.text)
    TIM4_IRQHandler                          0x080001ed   Thumb Code     0  startup_stm32f10x_hd.o(.text)
    TIM5_IRQHandler                          0x080001ed   Thumb Code     0  startup_stm32f10x_hd.o(.text)
    TIM6_IRQHandler                          0x080001ed   Thumb Code     0  startup_stm32f10x_hd.o(.text)
    TIM7_IRQHandler                          0x080001ed   Thumb Code     0  startup_stm32f10x_hd.o(.text)
    TIM8_BRK_IRQHandler                      0x080001ed   Thumb Code     0  startup_stm32f10x_hd.o(.text)
    TIM8_CC_IRQHandler                       0x080001ed   Thumb Code     0  startup_stm32f10x_hd.o(.text)
    TIM8_TRG_COM_IRQHandler                  0x080001ed   Thumb Code     0  startup_stm32f10x_hd.o(.text)
    TIM8_UP_IRQHandler                       0x080001ed   Thumb Code     0  startup_stm32f10x_hd.o(.text)
    UART4_IRQHandler                         0x080001ed   Thumb Code     0  startup_stm32f10x_hd.o(.text)
    UART5_IRQHandler                         0x080001ed   Thumb Code     0  startup_stm32f10x_hd.o(.text)
    USART1_IRQHandler                        0x080001ed   Thumb Code     0  startup_stm32f10x_hd.o(.text)
    USART2_IRQHandler                        0x080001ed   Thumb Code     0  startup_stm32f10x_hd.o(.text)
    USART3_IRQHandler                        0x080001ed   Thumb Code     0  startup_stm32f10x_hd.o(.text)
    USBWakeUp_IRQHandler                     0x080001ed   Thumb Code     0  startup_stm32f10x_hd.o(.text)
    USB_HP_CAN1_TX_IRQHandler                0x080001ed   Thumb Code     0  startup_stm32f10x_hd.o(.text)
    USB_LP_CAN1_RX0_IRQHandler               0x080001ed   Thumb Code     0  startup_stm32f10x_hd.o(.text)
    WWDG_IRQHandler                          0x080001ed   Thumb Code     0  startup_stm32f10x_hd.o(.text)
    __user_initial_stackheap                 0x080001f1   Thumb Code     0  startup_stm32f10x_hd.o(.text)
    OSStartHighRdy                           0x08000219   Thumb Code     0  os_cpu_a.o(.text)
    OS_CPU_PendSVHandler                     0x0800023b   Thumb Code     0  os_cpu_a.o(.text)
    CPU_IntDis                               0x0800029d   Thumb Code     0  cpu_a.o(.text)
    CPU_IntEn                                0x080002a1   Thumb Code     0  cpu_a.o(.text)
    CPU_SR_Save                              0x080002a5   Thumb Code     0  cpu_a.o(.text)
    CPU_SR_Restore                           0x080002ad   Thumb Code     0  cpu_a.o(.text)
    CPU_WaitForInt                           0x080002b3   Thumb Code     0  cpu_a.o(.text)
    CPU_WaitForExcept                        0x080002b7   Thumb Code     0  cpu_a.o(.text)
    CPU_CntLeadZeros                         0x080002bb   Thumb Code     0  cpu_a.o(.text)
    CPU_CntTrailZeros                        0x080002c1   Thumb Code     0  cpu_a.o(.text)
    CPU_RevBits                              0x080002cb   Thumb Code     0  cpu_a.o(.text)
    __use_two_region_memory                  0x080002d1   Thumb Code     2  heapauxi.o(.text)
    __rt_heap_escrow$2region                 0x080002d3   Thumb Code     2  heapauxi.o(.text)
    __rt_heap_expand$2region                 0x080002d5   Thumb Code     2  heapauxi.o(.text)
    __user_setup_stackheap                   0x080002d7   Thumb Code    74  sys_stackheap_outer.o(.text)
    exit                                     0x08000321   Thumb Code    12  exit.o(.text)
    __user_libspace                          0x0800032d   Thumb Code     8  libspace.o(.text)
    __user_perproc_libspace                  0x0800032d   Thumb Code     0  libspace.o(.text)
    __user_perthread_libspace                0x0800032d   Thumb Code     0  libspace.o(.text)
    _sys_exit                                0x08000335   Thumb Code     8  sys_exit.o(.text)
    __I$use$semihosting                      0x08000341   Thumb Code     0  use_no_semi.o(.text)
    __use_no_semihosting_swi                 0x08000341   Thumb Code     2  use_no_semi.o(.text)
    BusFault_Handler                         0x08000343   Thumb Code     2  stm32f10x_it.o(i.BusFault_Handler)
    __semihosting_library_function           0x08000343   Thumb Code     0  indicate_semi.o(.text)
    DebugMon_Handler                         0x08000345   Thumb Code     2  stm32f10x_it.o(i.DebugMon_Handler)
    FLASH_PrefetchBufferCmd                  0x08000349   Thumb Code    18  stm32f10x_flash.o(i.FLASH_PrefetchBufferCmd)
    FLASH_SetLatency                         0x08000361   Thumb Code    14  stm32f10x_flash.o(i.FLASH_SetLatency)
    GPIO_Init                                0x08000375   Thumb Code   162  stm32f10x_gpio.o(i.GPIO_Init)
    GPIO_ResetBits                           0x08000417   Thumb Code     4  stm32f10x_gpio.o(i.GPIO_ResetBits)
    GPIO_SetBits                             0x0800041b   Thumb Code     4  stm32f10x_gpio.o(i.GPIO_SetBits)
    GPIO_init                                0x08000421   Thumb Code    72  bsp.o(i.GPIO_init)
    HardFault_Handler                        0x08000471   Thumb Code     2  stm32f10x_it.o(i.HardFault_Handler)
    MemManage_Handler                        0x08000473   Thumb Code     2  stm32f10x_it.o(i.MemManage_Handler)
    NMI_Handler                              0x08000475   Thumb Code     2  stm32f10x_it.o(i.NMI_Handler)
    OSCfg_Init                               0x08000497   Thumb Code     2  os_cfg_app.o(i.OSCfg_Init)
    OSIdleTaskHook                           0x08000499   Thumb Code    12  os_cpu_c.o(i.OSIdleTaskHook)
    OSInit                                   0x080004a9   Thumb Code   278  os_core.o(i.OSInit)
    OSInitHook                               0x08000615   Thumb Code    20  os_cpu_c.o(i.OSInitHook)
    OSIntEnter                               0x08000635   Thumb Code    22  os_core.o(i.OSIntEnter)
    OSIntExit                                0x08000655   Thumb Code   108  os_core.o(i.OSIntExit)
    OSSched                                  0x080006e5   Thumb Code    90  os_core.o(i.OSSched)
    OSSchedLock                              0x08000761   Thumb Code    64  os_core.o(i.OSSchedLock)
    OSSchedUnlock                            0x080007ad   Thumb Code    82  os_core.o(i.OSSchedUnlock)
    OSStart                                  0x0800080d   Thumb Code    62  os_core.o(i.OSStart)
    OSStatReset                              0x08000865   Thumb Code   144  os_stat.o(i.OSStatReset)
    OSStatTaskHook                           0x08000919   Thumb Code    12  os_cpu_c.o(i.OSStatTaskHook)
    OSTaskCreate                             0x08000929   Thumb Code   400  os_task.o(i.OSTaskCreate)
    OSTaskCreateHook                         0x08000add   Thumb Code    12  os_cpu_c.o(i.OSTaskCreateHook)
    OSTaskDel                                0x08000aed   Thumb Code   252  os_task.o(i.OSTaskDel)
    OSTaskDelHook                            0x08000c05   Thumb Code    12  os_cpu_c.o(i.OSTaskDelHook)
    OSTaskReturnHook                         0x08000c15   Thumb Code    12  os_cpu_c.o(i.OSTaskReturnHook)
    OSTaskSemPend                            0x08000c25   Thumb Code   298  os_task.o(i.OSTaskSemPend)
    OSTaskStkChk                             0x08000d5d   Thumb Code   138  os_task.o(i.OSTaskStkChk)
    OSTaskStkInit                            0x08000df1   Thumb Code   108  os_cpu_c.o(i.OSTaskStkInit)
    OSTaskSwHook                             0x08000e61   Thumb Code    46  os_cpu_c.o(i.OSTaskSwHook)
    OSTimeDly                                0x08000e9d   Thumb Code   158  os_time.o(i.OSTimeDly)
    OSTimeDlyHMSM                            0x08000f49   Thumb Code   306  os_time.o(i.OSTimeDlyHMSM)
    OSTimeTick                               0x0800108d   Thumb Code    50  os_time.o(i.OSTimeTick)
    OSTimeTickHook                           0x080010cd   Thumb Code    12  os_cpu_c.o(i.OSTimeTickHook)
    OS_Dbg_Init                              0x080010dd   Thumb Code     2  os_dbg.o(i.OS_Dbg_Init)
    OS_FlagInit                              0x080010e1   Thumb Code    14  os_flag.o(i.OS_FlagInit)
    OS_FlagPost                              0x080010f9   Thumb Code   286  os_flag.o(i.OS_FlagPost)
    OS_FlagTaskRdy                           0x08001221   Thumb Code    68  os_flag.o(i.OS_FlagTaskRdy)
    OS_IdleTask                              0x08001265   Thumb Code    30  os_core.o(i.OS_IdleTask)
    OS_IdleTaskInit                          0x0800128d   Thumb Code    60  os_core.o(i.OS_IdleTaskInit)
    OS_IntQPost                              0x080012f5   Thumb Code   138  os_int.o(i.OS_IntQPost)
    OS_IntQRePost                            0x080013a5   Thumb Code   220  os_int.o(i.OS_IntQRePost)
    OS_IntQTask                              0x080014bd   Thumb Code    74  os_int.o(i.OS_IntQTask)
    OS_IntQTaskInit                          0x08001515   Thumb Code   192  os_int.o(i.OS_IntQTaskInit)
    OS_MemInit                               0x0800162d   Thumb Code    14  os_mem.o(i.OS_MemInit)
    OS_MsgPoolInit                           0x08001645   Thumb Code    92  os_msg.o(i.OS_MsgPoolInit)
    OS_MsgQFreeAll                           0x080016ad   Thumb Code    48  os_msg.o(i.OS_MsgQFreeAll)
    OS_MsgQInit                              0x080016e1   Thumb Code    14  os_msg.o(i.OS_MsgQInit)
    OS_MsgQPut                               0x080016f1   Thumb Code   132  os_msg.o(i.OS_MsgQPut)
    OS_MutexInit                             0x08001779   Thumb Code    14  os_mutex.o(i.OS_MutexInit)
    OS_Pend                                  0x08001791   Thumb Code    74  os_core.o(i.OS_Pend)
    OS_PendDataInit                          0x080017e1   Thumb Code    48  os_core.o(i.OS_PendDataInit)
    OS_PendDbgNameAdd                        0x08001811   Thumb Code    46  os_core.o(i.OS_PendDbgNameAdd)
    OS_PendDbgNameRemove                     0x08001859   Thumb Code    22  os_core.o(i.OS_PendDbgNameRemove)
    OS_PendListInsertPrio                    0x08001875   Thumb Code    90  os_core.o(i.OS_PendListInsertPrio)
    OS_PendListRemove                        0x080018cf   Thumb Code    38  os_core.o(i.OS_PendListRemove)
    OS_PendListRemove1                       0x080018f5   Thumb Code    54  os_core.o(i.OS_PendListRemove1)
    OS_Post                                  0x0800192b   Thumb Code   152  os_core.o(i.OS_Post)
    OS_Post1                                 0x080019c3   Thumb Code    38  os_core.o(i.OS_Post1)
    OS_PrioGetHighest                        0x080019e9   Thumb Code    32  os_prio.o(i.OS_PrioGetHighest)
    OS_PrioInit                              0x08001a0d   Thumb Code     8  os_prio.o(i.OS_PrioInit)
    OS_PrioInsert                            0x08001a19   Thumb Code    28  os_prio.o(i.OS_PrioInsert)
    OS_PrioRemove                            0x08001a39   Thumb Code    28  os_prio.o(i.OS_PrioRemove)
    OS_QInit                                 0x08001a59   Thumb Code    14  os_q.o(i.OS_QInit)
    OS_QPost                                 0x08001a71   Thumb Code   186  os_q.o(i.OS_QPost)
    OS_RdyListInit                           0x08001b35   Thumb Code    32  os_core.o(i.OS_RdyListInit)
    OS_RdyListInsert                         0x08001b59   Thumb Code    42  os_core.o(i.OS_RdyListInsert)
    OS_RdyListInsertHead                     0x08001b89   Thumb Code    52  os_core.o(i.OS_RdyListInsertHead)
    OS_RdyListInsertTail                     0x08001bc1   Thumb Code    48  os_core.o(i.OS_RdyListInsertTail)
    OS_RdyListMoveHeadToTail                 0x08001bf5   Thumb Code    52  os_core.o(i.OS_RdyListMoveHeadToTail)
    OS_RdyListRemove                         0x08001c29   Thumb Code    78  os_core.o(i.OS_RdyListRemove)
    OS_Sched0                                0x08001c7d   Thumb Code    50  os_core.o(i.OS_Sched0)
    OS_SchedRoundRobin                       0x08001cc5   Thumb Code    84  os_core.o(i.OS_SchedRoundRobin)
    OS_SemInit                               0x08001d29   Thumb Code    14  os_sem.o(i.OS_SemInit)
    OS_SemPost                               0x08001d41   Thumb Code   174  os_sem.o(i.OS_SemPost)
    OS_StatTask                              0x08001df5   Thumb Code   482  os_stat.o(i.OS_StatTask)
    OS_StatTaskInit                          0x0800201d   Thumb Code   118  os_stat.o(i.OS_StatTaskInit)
    OS_TaskBlock                             0x080020d9   Thumb Code    42  os_core.o(i.OS_TaskBlock)
    OS_TaskDbgListAdd                        0x08002105   Thumb Code    30  os_task.o(i.OS_TaskDbgListAdd)
    OS_TaskDbgListRemove                     0x08002129   Thumb Code    50  os_task.o(i.OS_TaskDbgListRemove)
    OS_TaskInit                              0x08002161   Thumb Code    18  os_task.o(i.OS_TaskInit)
    OS_TaskInitTCB                           0x08002181   Thumb Code   174  os_task.o(i.OS_TaskInitTCB)
    OS_TaskQPost                             0x0800223d   Thumb Code   222  os_task.o(i.OS_TaskQPost)
    OS_TaskRdy                               0x08002329   Thumb Code    28  os_core.o(i.OS_TaskRdy)
    OS_TaskResume                            0x08002345   Thumb Code   184  os_task.o(i.OS_TaskResume)
    OS_TaskReturn                            0x08002401   Thumb Code    20  os_task.o(i.OS_TaskReturn)
    OS_TaskSemPost                           0x08002419   Thumb Code   262  os_task.o(i.OS_TaskSemPost)
    OS_TaskSuspend                           0x0800252d   Thumb Code   160  os_task.o(i.OS_TaskSuspend)
    OS_TickListInit                          0x080025d5   Thumb Code    34  os_tick.o(i.OS_TickListInit)
    OS_TickListInsert                        0x08002601   Thumb Code   202  os_tick.o(i.OS_TickListInsert)
    OS_TickListRemove                        0x080026d9   Thumb Code    54  os_tick.o(i.OS_TickListRemove)
    OS_TickListResetPeak                     0x08002711   Thumb Code    30  os_tick.o(i.OS_TickListResetPeak)
    OS_TickListUpdate                        0x08002739   Thumb Code   296  os_tick.o(i.OS_TickListUpdate)
    OS_TickTask                              0x08002879   Thumb Code    36  os_tick.o(i.OS_TickTask)
    OS_TickTaskInit                          0x080028a1   Thumb Code   112  os_tick.o(i.OS_TickTaskInit)
    OS_TmrInit                               0x08002949   Thumb Code   172  os_tmr.o(i.OS_TmrInit)
    OS_TmrLink                               0x08002a4d   Thumb Code   140  os_tmr.o(i.OS_TmrLink)
    OS_TmrResetPeak                          0x08002ae5   Thumb Code    30  os_tmr.o(i.OS_TmrResetPeak)
    OS_TmrTask                               0x08002b0d   Thumb Code   138  os_tmr.o(i.OS_TmrTask)
    OS_TmrUnlink                             0x08002ba9   Thumb Code    68  os_tmr.o(i.OS_TmrUnlink)
    Our_Sys_Init                             0x08002bf5   Thumb Code    18  bsp.o(i.Our_Sys_Init)
    RCC_APB2PeriphClockCmd                   0x08002c09   Thumb Code    18  stm32f10x_rcc.o(i.RCC_APB2PeriphClockCmd)
    RCC_ClockSecuritySystemCmd               0x08002c21   Thumb Code     6  stm32f10x_rcc.o(i.RCC_ClockSecuritySystemCmd)
    RCC_DeInit                               0x08002c2d   Thumb Code    50  stm32f10x_rcc.o(i.RCC_DeInit)
    RCC_GetClocksFreq                        0x08002c6d   Thumb Code   128  stm32f10x_rcc.o(i.RCC_GetClocksFreq)
    RCC_GetFlagStatus                        0x08002cfd   Thumb Code    44  stm32f10x_rcc.o(i.RCC_GetFlagStatus)
    RCC_GetSYSCLKSource                      0x08002d2d   Thumb Code    10  stm32f10x_rcc.o(i.RCC_GetSYSCLKSource)
    RCC_HCLKConfig                           0x08002d3d   Thumb Code    14  stm32f10x_rcc.o(i.RCC_HCLKConfig)
    RCC_HSEConfig                            0x08002d51   Thumb Code    48  stm32f10x_rcc.o(i.RCC_HSEConfig)
    RCC_PCLK1Config                          0x08002d85   Thumb Code    14  stm32f10x_rcc.o(i.RCC_PCLK1Config)
    RCC_PCLK2Config                          0x08002d99   Thumb Code    16  stm32f10x_rcc.o(i.RCC_PCLK2Config)
    RCC_PLLCmd                               0x08002dad   Thumb Code     6  stm32f10x_rcc.o(i.RCC_PLLCmd)
    RCC_PLLConfig                            0x08002db9   Thumb Code    16  stm32f10x_rcc.o(i.RCC_PLLConfig)
    RCC_SYSCLKConfig                         0x08002dcd   Thumb Code    14  stm32f10x_rcc.o(i.RCC_SYSCLKConfig)
    RCC_WaitForHSEStartUp                    0x08002de1   Thumb Code    44  stm32f10x_rcc.o(i.RCC_WaitForHSEStartUp)
    RCC_init                                 0x08002e0d   Thumb Code   128  bsp.o(i.RCC_init)
    SVC_Handler                              0x08002e91   Thumb Code     2  stm32f10x_it.o(i.SVC_Handler)
    SysTick_Handler                          0x08002f3d   Thumb Code    18  stm32f10x_it.o(i.SysTick_Handler)
    SystemInit                               0x08002f51   Thumb Code    64  system_stm32f10x.o(i.SystemInit)
    Systick_init                             0x08002fa1   Thumb Code    58  bsp.o(i.Systick_init)
    Task_LED1                                0x08002fe1   Thumb Code    62  app.o(i.Task_LED1)
    Task_LED2                                0x08003025   Thumb Code    62  app.o(i.Task_LED2)
    Task_LED3                                0x08003069   Thumb Code    68  app.o(i.Task_LED3)
    Task_Start                               0x080030b1   Thumb Code   138  app.o(i.Task_Start)
    UsageFault_Handler                       0x08003171   Thumb Code     2  stm32f10x_it.o(i.UsageFault_Handler)
    main                                     0x08003175   Thumb Code    68  app.o(i.main)
    OSCfg_IdleTaskStkBasePtr                 0x080031c8   Data           4  os_cfg_app.o(.constdata)
    OSCfg_IdleTaskStkLimit                   0x080031cc   Data           4  os_cfg_app.o(.constdata)
    OSCfg_IdleTaskStkSize                    0x080031d0   Data           4  os_cfg_app.o(.constdata)
    OSCfg_IntQBasePtr                        0x080031d4   Data           4  os_cfg_app.o(.constdata)
    OSCfg_IntQSize                           0x080031d8   Data           2  os_cfg_app.o(.constdata)
    OSCfg_IntQTaskStkBasePtr                 0x080031dc   Data           4  os_cfg_app.o(.constdata)
    OSCfg_IntQTaskStkLimit                   0x080031e0   Data           4  os_cfg_app.o(.constdata)
    OSCfg_IntQTaskStkSize                    0x080031e4   Data           4  os_cfg_app.o(.constdata)
    OSCfg_ISRStkBasePtr                      0x080031e8   Data           4  os_cfg_app.o(.constdata)
    OSCfg_ISRStkSize                         0x080031ec   Data           4  os_cfg_app.o(.constdata)
    OSCfg_MsgPoolSize                        0x080031f0   Data           2  os_cfg_app.o(.constdata)
    OSCfg_MsgPoolBasePtr                     0x080031f4   Data           4  os_cfg_app.o(.constdata)
    OSCfg_StatTaskPrio                       0x080031f8   Data           1  os_cfg_app.o(.constdata)
    OSCfg_StatTaskRate_Hz                    0x080031fc   Data           4  os_cfg_app.o(.constdata)
    OSCfg_StatTaskStkBasePtr                 0x08003200   Data           4  os_cfg_app.o(.constdata)
    OSCfg_StatTaskStkLimit                   0x08003204   Data           4  os_cfg_app.o(.constdata)
    OSCfg_StatTaskStkSize                    0x08003208   Data           4  os_cfg_app.o(.constdata)
    OSCfg_StkSizeMin                         0x0800320c   Data           4  os_cfg_app.o(.constdata)
    OSCfg_TickRate_Hz                        0x08003210   Data           4  os_cfg_app.o(.constdata)
    OSCfg_TickTaskPrio                       0x08003214   Data           1  os_cfg_app.o(.constdata)
    OSCfg_TickTaskStkBasePtr                 0x08003218   Data           4  os_cfg_app.o(.constdata)
    OSCfg_TickTaskStkLimit                   0x0800321c   Data           4  os_cfg_app.o(.constdata)
    OSCfg_TickTaskStkSize                    0x08003220   Data           4  os_cfg_app.o(.constdata)
    OSCfg_TickWheelSize                      0x08003224   Data           2  os_cfg_app.o(.constdata)
    OSCfg_TmrTaskPrio                        0x08003226   Data           1  os_cfg_app.o(.constdata)
    OSCfg_TmrTaskRate_Hz                     0x08003228   Data           4  os_cfg_app.o(.constdata)
    OSCfg_TmrTaskStkBasePtr                  0x0800322c   Data           4  os_cfg_app.o(.constdata)
    OSCfg_TmrTaskStkLimit                    0x08003230   Data           4  os_cfg_app.o(.constdata)
    OSCfg_TmrTaskStkSize                     0x08003234   Data           4  os_cfg_app.o(.constdata)
    OSCfg_TmrWheelSize                       0x08003238   Data           2  os_cfg_app.o(.constdata)
    Region$$Table$$Base                      0x0800323c   Number         0  anon$$obj.o(Region$$Table)
    Region$$Table$$Limit                     0x0800325c   Number         0  anon$$obj.o(Region$$Table)
    OSPrioTbl                                0x20000014   Data           4  os_prio.o(.data)
    OS_AppTaskCreateHookPtr                  0x20000018   Data           4  os_var.o(.data)
    OS_AppTaskDelHookPtr                     0x2000001c   Data           4  os_var.o(.data)
    OS_AppTaskReturnHookPtr                  0x20000020   Data           4  os_var.o(.data)
    OS_AppIdleTaskHookPtr                    0x20000024   Data           4  os_var.o(.data)
    OS_AppStatTaskHookPtr                    0x20000028   Data           4  os_var.o(.data)
    OS_AppTaskSwHookPtr                      0x2000002c   Data           4  os_var.o(.data)
    OS_AppTimeTickHookPtr                    0x20000030   Data           4  os_var.o(.data)
    OSIdleTaskCtr                            0x20000034   Data           4  os_var.o(.data)
    OSIntNestingCtr                          0x20000038   Data           1  os_var.o(.data)
    OSRunning                                0x20000039   Data           1  os_var.o(.data)
    OSIntQInPtr                              0x2000003c   Data           4  os_var.o(.data)
    OSIntQOutPtr                             0x20000040   Data           4  os_var.o(.data)
    OSIntQNbrEntries                         0x20000044   Data           2  os_var.o(.data)
    OSIntQNbrEntriesMax                      0x20000046   Data           2  os_var.o(.data)
    OSIntQOvfCtr                             0x20000048   Data           2  os_var.o(.data)
    OSIntQTaskTimeMax                        0x2000004c   Data           4  os_var.o(.data)
    OSFlagDbgListPtr                         0x20000050   Data           4  os_var.o(.data)
    OSFlagQty                                0x20000054   Data           2  os_var.o(.data)
    OSMemDbgListPtr                          0x20000058   Data           4  os_var.o(.data)
    OSMemQty                                 0x2000005c   Data           2  os_var.o(.data)
    OSMutexDbgListPtr                        0x20000060   Data           4  os_var.o(.data)
    OSMutexQty                               0x20000064   Data           2  os_var.o(.data)
    OSPrioCur                                0x20000066   Data           1  os_var.o(.data)
    OSPrioHighRdy                            0x20000067   Data           1  os_var.o(.data)
    OSPrioSaved                              0x20000068   Data           1  os_var.o(.data)
    OSQDbgListPtr                            0x2000006c   Data           4  os_var.o(.data)
    OSQQty                                   0x20000070   Data           2  os_var.o(.data)
    OSSchedLockNestingCtr                    0x20000072   Data           1  os_var.o(.data)
    OSSchedRoundRobinDfltTimeQuanta          0x20000074   Data           4  os_var.o(.data)
    OSSchedRoundRobinEn                      0x20000078   Data           1  os_var.o(.data)
    OSSemDbgListPtr                          0x2000007c   Data           4  os_var.o(.data)
    OSSemQty                                 0x20000080   Data           2  os_var.o(.data)
    OSStatResetFlag                          0x20000082   Data           1  os_var.o(.data)
    OSStatTaskCPUUsage                       0x20000084   Data           2  os_var.o(.data)
    OSStatTaskCPUUsageMax                    0x20000086   Data           2  os_var.o(.data)
    OSStatTaskCtr                            0x20000088   Data           4  os_var.o(.data)
    OSStatTaskCtrMax                         0x2000008c   Data           4  os_var.o(.data)
    OSStatTaskCtrRun                         0x20000090   Data           4  os_var.o(.data)
    OSStatTaskRdy                            0x20000094   Data           1  os_var.o(.data)
    OSStatTaskTimeMax                        0x20000098   Data           4  os_var.o(.data)
    OSTaskCtxSwCtr                           0x2000009c   Data           4  os_var.o(.data)
    OSTaskDbgListPtr                         0x200000a0   Data           4  os_var.o(.data)
    OSTaskQty                                0x200000a4   Data           2  os_var.o(.data)
    OSTaskRegNextAvailID                     0x200000a6   Data           1  os_var.o(.data)
    OSTickCtr                                0x200000a8   Data           4  os_var.o(.data)
    OSTickTaskTimeMax                        0x200000ac   Data           4  os_var.o(.data)
    OSTmrDbgListPtr                          0x200000b0   Data           4  os_var.o(.data)
    OSTmrTaskTimeMax                         0x200000b4   Data           4  os_var.o(.data)
    OSTmrTickCtr                             0x200000b8   Data           4  os_var.o(.data)
    OSTmrUpdateCnt                           0x200000bc   Data           4  os_var.o(.data)
    OSTmrUpdateCtr                           0x200000c0   Data           4  os_var.o(.data)
    OSTCBCurPtr                              0x200000c4   Data           4  os_var.o(.data)
    OSTCBHighRdyPtr                          0x200000c8   Data           4  os_var.o(.data)
    OS_CPU_ExceptStkBase                     0x200000cc   Data           4  os_cpu_c.o(.data)
    RCC_Clocks                               0x200000d0   Data          20  bsp.o(.bss)
    StartUp_TCB                              0x200000e4   Data         192  app.o(.bss)
    StartUp_Stk                              0x200001a4   Data         320  app.o(.bss)
    OSCfg_IdleTaskStk                        0x20000b24   Data         512  os_cfg_app.o(.bss)
    OSCfg_IntQ                               0x20000d24   Data         320  os_cfg_app.o(.bss)
    OSCfg_IntQTaskStk                        0x20000e64   Data         512  os_cfg_app.o(.bss)
    OSCfg_ISRStk                             0x20001064   Data         512  os_cfg_app.o(.bss)
    OSCfg_MsgPool                            0x20001264   Data        1600  os_cfg_app.o(.bss)
    OSCfg_StatTaskStk                        0x200018a4   Data         512  os_cfg_app.o(.bss)
    OSCfg_TickTaskStk                        0x20001aa4   Data         512  os_cfg_app.o(.bss)
    OSCfg_TickWheel                          0x20001ca4   Data         136  os_cfg_app.o(.bss)
    OSCfg_TmrTaskStk                         0x20001d2c   Data         512  os_cfg_app.o(.bss)
    OSCfg_TmrWheel                           0x20001f2c   Data         136  os_cfg_app.o(.bss)
    OSIdleTaskTCB                            0x20001fb4   Data         192  os_var.o(.bss)
    OSIntQTaskTCB                            0x20002074   Data         192  os_var.o(.bss)
    OSMsgPool                                0x20002134   Data          12  os_var.o(.bss)
    OSRdyList                                0x20002140   Data         384  os_var.o(.bss)
    OSStatTaskTCB                            0x200022c0   Data         192  os_var.o(.bss)
    OSTickTaskTCB                            0x20002380   Data         192  os_var.o(.bss)
    OSTmrTaskTCB                             0x20002440   Data         192  os_var.o(.bss)
    __libspace_start                         0x20002500   Data          96  libspace.o(.bss)
    __temporary_stack_top$libspace           0x20002560   Data           0  libspace.o(.bss)



==============================================================================

Memory Map of the image

  Image Entry point : 0x08000131

  Load Region LR_IROM1 (Base: 0x08000000, Size: 0x0000332c, Max: 0x00040000, ABSOLUTE)

    Execution Region ER_IROM1 (Base: 0x08000000, Size: 0x0000325c, Max: 0x00040000, ABSOLUTE)

    Base Addr    Size         Type   Attr      Idx    E Section Name        Object

    0x08000000   0x00000130   Data   RO            3    RESET               startup_stm32f10x_hd.o
    0x08000130   0x00000008   Code   RO         5466  * !!!main             c_w.l(__main.o)
    0x08000138   0x00000034   Code   RO         5622    !!!scatter          c_w.l(__scatter.o)
    0x0800016c   0x0000001a   Code   RO         5624    !!handler_copy      c_w.l(__scatter_copy.o)
    0x08000186   0x00000002   PAD
    0x08000188   0x0000001c   Code   RO         5626    !!handler_zi        c_w.l(__scatter_zi.o)
    0x080001a4   0x00000002   Code   RO         5493    .ARM.Collect$$libinit$$00000000  c_w.l(libinit.o)
    0x080001a6   0x00000000   Code   RO         5500    .ARM.Collect$$libinit$$00000002  c_w.l(libinit2.o)
    0x080001a6   0x00000000   Code   RO         5502    .ARM.Collect$$libinit$$00000004  c_w.l(libinit2.o)
    0x080001a6   0x00000000   Code   RO         5505    .ARM.Collect$$libinit$$0000000A  c_w.l(libinit2.o)
    0x080001a6   0x00000000   Code   RO         5507    .ARM.Collect$$libinit$$0000000C  c_w.l(libinit2.o)
    0x080001a6   0x00000000   Code   RO         5509    .ARM.Collect$$libinit$$0000000E  c_w.l(libinit2.o)
    0x080001a6   0x00000000   Code   RO         5512    .ARM.Collect$$libinit$$00000011  c_w.l(libinit2.o)
    0x080001a6   0x00000000   Code   RO         5514    .ARM.Collect$$libinit$$00000013  c_w.l(libinit2.o)
    0x080001a6   0x00000000   Code   RO         5516    .ARM.Collect$$libinit$$00000015  c_w.l(libinit2.o)
    0x080001a6   0x00000000   Code   RO         5518    .ARM.Collect$$libinit$$00000017  c_w.l(libinit2.o)
    0x080001a6   0x00000000   Code   RO         5520    .ARM.Collect$$libinit$$00000019  c_w.l(libinit2.o)
    0x080001a6   0x00000000   Code   RO         5522    .ARM.Collect$$libinit$$0000001B  c_w.l(libinit2.o)
    0x080001a6   0x00000000   Code   RO         5524    .ARM.Collect$$libinit$$0000001D  c_w.l(libinit2.o)
    0x080001a6   0x00000000   Code   RO         5526    .ARM.Collect$$libinit$$0000001F  c_w.l(libinit2.o)
    0x080001a6   0x00000000   Code   RO         5528    .ARM.Collect$$libinit$$00000021  c_w.l(libinit2.o)
    0x080001a6   0x00000000   Code   RO         5530    .ARM.Collect$$libinit$$00000023  c_w.l(libinit2.o)
    0x080001a6   0x00000000   Code   RO         5532    .ARM.Collect$$libinit$$00000025  c_w.l(libinit2.o)
    0x080001a6   0x00000000   Code   RO         5536    .ARM.Collect$$libinit$$0000002C  c_w.l(libinit2.o)
    0x080001a6   0x00000000   Code   RO         5538    .ARM.Collect$$libinit$$0000002E  c_w.l(libinit2.o)
    0x080001a6   0x00000000   Code   RO         5540    .ARM.Collect$$libinit$$00000030  c_w.l(libinit2.o)
    0x080001a6   0x00000000   Code   RO         5542    .ARM.Collect$$libinit$$00000032  c_w.l(libinit2.o)
    0x080001a6   0x00000002   Code   RO         5543    .ARM.Collect$$libinit$$00000033  c_w.l(libinit2.o)
    0x080001a8   0x00000002   Code   RO         5563    .ARM.Collect$$libshutdown$$00000000  c_w.l(libshutdown.o)
    0x080001aa   0x00000000   Code   RO         5577    .ARM.Collect$$libshutdown$$00000003  c_w.l(libshutdown2.o)
    0x080001aa   0x00000000   Code   RO         5580    .ARM.Collect$$libshutdown$$00000006  c_w.l(libshutdown2.o)
    0x080001aa   0x00000000   Code   RO         5583    .ARM.Collect$$libshutdown$$00000009  c_w.l(libshutdown2.o)
    0x080001aa   0x00000000   Code   RO         5585    .ARM.Collect$$libshutdown$$0000000B  c_w.l(libshutdown2.o)
    0x080001aa   0x00000000   Code   RO         5588    .ARM.Collect$$libshutdown$$0000000E  c_w.l(libshutdown2.o)
    0x080001aa   0x00000002   Code   RO         5589    .ARM.Collect$$libshutdown$$0000000F  c_w.l(libshutdown2.o)
    0x080001ac   0x00000000   Code   RO         5468    .ARM.Collect$$rtentry$$00000000  c_w.l(__rtentry.o)
    0x080001ac   0x00000000   Code   RO         5470    .ARM.Collect$$rtentry$$00000002  c_w.l(__rtentry2.o)
    0x080001ac   0x00000006   Code   RO         5482    .ARM.Collect$$rtentry$$00000004  c_w.l(__rtentry4.o)
    0x080001b2   0x00000000   Code   RO         5472    .ARM.Collect$$rtentry$$00000009  c_w.l(__rtentry2.o)
    0x080001b2   0x00000004   Code   RO         5473    .ARM.Collect$$rtentry$$0000000A  c_w.l(__rtentry2.o)
    0x080001b6   0x00000000   Code   RO         5475    .ARM.Collect$$rtentry$$0000000C  c_w.l(__rtentry2.o)
    0x080001b6   0x00000008   Code   RO         5476    .ARM.Collect$$rtentry$$0000000D  c_w.l(__rtentry2.o)
    0x080001be   0x00000002   Code   RO         5497    .ARM.Collect$$rtexit$$00000000  c_w.l(rtexit.o)
    0x080001c0   0x00000000   Code   RO         5545    .ARM.Collect$$rtexit$$00000002  c_w.l(rtexit2.o)
    0x080001c0   0x00000004   Code   RO         5546    .ARM.Collect$$rtexit$$00000003  c_w.l(rtexit2.o)
    0x080001c4   0x00000006   Code   RO         5547    .ARM.Collect$$rtexit$$00000004  c_w.l(rtexit2.o)
    0x080001ca   0x00000002   PAD
    0x080001cc   0x0000004c   Code   RO            4    .text               startup_stm32f10x_hd.o
    0x08000218   0x00000084   Code   RO         4832    .text               os_cpu_a.o
    0x0800029c   0x00000034   Code   RO         5390    .text               cpu_a.o
    0x080002d0   0x00000006   Code   RO         5464    .text               c_w.l(heapauxi.o)
    0x080002d6   0x0000004a   Code   RO         5484    .text               c_w.l(sys_stackheap_outer.o)
    0x08000320   0x0000000c   Code   RO         5486    .text               c_w.l(exit.o)
    0x0800032c   0x00000008   Code   RO         5494    .text               c_w.l(libspace.o)
    0x08000334   0x0000000c   Code   RO         5555    .text               c_w.l(sys_exit.o)
    0x08000340   0x00000002   Code   RO         5566    .text               c_w.l(use_no_semi.o)
    0x08000342   0x00000000   Code   RO         5568    .text               c_w.l(indicate_semi.o)
    0x08000342   0x00000002   Code   RO         3238    i.BusFault_Handler  stm32f10x_it.o
    0x08000344   0x00000002   Code   RO         3239    i.DebugMon_Handler  stm32f10x_it.o
    0x08000346   0x00000002   PAD
    0x08000348   0x00000018   Code   RO          228    i.FLASH_PrefetchBufferCmd  stm32f10x_flash.o
    0x08000360   0x00000014   Code   RO          233    i.FLASH_SetLatency  stm32f10x_flash.o
    0x08000374   0x000000a2   Code   RO          397    i.GPIO_Init         stm32f10x_gpio.o
    0x08000416   0x00000004   Code   RO          404    i.GPIO_ResetBits    stm32f10x_gpio.o
    0x0800041a   0x00000004   Code   RO          405    i.GPIO_SetBits      stm32f10x_gpio.o
    0x0800041e   0x00000002   PAD
    0x08000420   0x00000050   Code   RO         3420    i.GPIO_init         bsp.o
    0x08000470   0x00000002   Code   RO         3240    i.HardFault_Handler  stm32f10x_it.o
    0x08000472   0x00000002   Code   RO         3241    i.MemManage_Handler  stm32f10x_it.o
    0x08000474   0x00000002   Code   RO         3242    i.NMI_Handler       stm32f10x_it.o
    0x08000476   0x00000020   Code   RO         3421    i.NVIC_SetPriority  bsp.o
    0x08000496   0x00000002   Code   RO         3547    i.OSCfg_Init        os_cfg_app.o
    0x08000498   0x00000010   Code   RO         4766    i.OSIdleTaskHook    os_cpu_c.o
    0x080004a8   0x0000016c   Code   RO         3616    i.OSInit            os_core.o
    0x08000614   0x00000020   Code   RO         4767    i.OSInitHook        os_cpu_c.o
    0x08000634   0x00000020   Code   RO         3617    i.OSIntEnter        os_core.o
    0x08000654   0x00000090   Code   RO         3618    i.OSIntExit         os_core.o
    0x080006e4   0x0000007c   Code   RO         3619    i.OSSched           os_core.o
    0x08000760   0x0000004c   Code   RO         3620    i.OSSchedLock       os_core.o
    0x080007ac   0x00000060   Code   RO         3623    i.OSSchedUnlock     os_core.o
    0x0800080c   0x00000058   Code   RO         3624    i.OSStart           os_core.o
    0x08000864   0x000000b4   Code   RO         4315    i.OSStatReset       os_stat.o
    0x08000918   0x00000010   Code   RO         4768    i.OSStatTaskHook    os_cpu_c.o
    0x08000928   0x000001b4   Code   RO         4346    i.OSTaskCreate      os_task.o
    0x08000adc   0x00000010   Code   RO         4769    i.OSTaskCreateHook  os_cpu_c.o
    0x08000aec   0x00000118   Code   RO         4347    i.OSTaskDel         os_task.o
    0x08000c04   0x00000010   Code   RO         4770    i.OSTaskDelHook     os_cpu_c.o
    0x08000c14   0x00000010   Code   RO         4771    i.OSTaskReturnHook  os_cpu_c.o
    0x08000c24   0x00000138   Code   RO         4356    i.OSTaskSemPend     os_task.o
    0x08000d5c   0x00000094   Code   RO         4360    i.OSTaskStkChk      os_task.o
    0x08000df0   0x00000070   Code   RO         4772    i.OSTaskStkInit     os_cpu_c.o
    0x08000e60   0x0000003c   Code   RO         4773    i.OSTaskSwHook      os_cpu_c.o
    0x08000e9c   0x000000ac   Code   RO         4561    i.OSTimeDly         os_time.o
    0x08000f48   0x00000144   Code   RO         4562    i.OSTimeDlyHMSM     os_time.o
    0x0800108c   0x00000040   Code   RO         4566    i.OSTimeTick        os_time.o
    0x080010cc   0x00000010   Code   RO         4774    i.OSTimeTickHook    os_cpu_c.o
    0x080010dc   0x00000002   Code   RO         3843    i.OS_Dbg_Init       os_dbg.o
    0x080010de   0x00000002   PAD
    0x080010e0   0x00000018   Code   RO         3869    i.OS_FlagInit       os_flag.o
    0x080010f8   0x00000128   Code   RO         3870    i.OS_FlagPost       os_flag.o
    0x08001220   0x00000044   Code   RO         3871    i.OS_FlagTaskRdy    os_flag.o
    0x08001264   0x00000028   Code   RO         3626    i.OS_IdleTask       os_core.o
    0x0800128c   0x00000068   Code   RO         3627    i.OS_IdleTaskInit   os_core.o
    0x080012f4   0x000000b0   Code   RO         3942    i.OS_IntQPost       os_int.o
    0x080013a4   0x00000118   Code   RO         3943    i.OS_IntQRePost     os_int.o
    0x080014bc   0x00000058   Code   RO         3944    i.OS_IntQTask       os_int.o
    0x08001514   0x00000118   Code   RO         3945    i.OS_IntQTaskInit   os_int.o
    0x0800162c   0x00000018   Code   RO         3976    i.OS_MemInit        os_mem.o
    0x08001644   0x00000068   Code   RO         4008    i.OS_MsgPoolInit    os_msg.o
    0x080016ac   0x00000034   Code   RO         4009    i.OS_MsgQFreeAll    os_msg.o
    0x080016e0   0x0000000e   Code   RO         4011    i.OS_MsgQInit       os_msg.o
    0x080016ee   0x00000002   PAD
    0x080016f0   0x00000088   Code   RO         4012    i.OS_MsgQPut        os_msg.o
    0x08001778   0x00000018   Code   RO         4052    i.OS_MutexInit      os_mutex.o
    0x08001790   0x00000050   Code   RO         3628    i.OS_Pend           os_core.o
    0x080017e0   0x00000030   Code   RO         3631    i.OS_PendDataInit   os_core.o
    0x08001810   0x00000048   Code   RO         3632    i.OS_PendDbgNameAdd  os_core.o
    0x08001858   0x0000001c   Code   RO         3633    i.OS_PendDbgNameRemove  os_core.o
    0x08001874   0x0000005a   Code   RO         3637    i.OS_PendListInsertPrio  os_core.o
    0x080018ce   0x00000026   Code   RO         3638    i.OS_PendListRemove  os_core.o
    0x080018f4   0x00000036   Code   RO         3639    i.OS_PendListRemove1  os_core.o
    0x0800192a   0x00000098   Code   RO         3642    i.OS_Post           os_core.o
    0x080019c2   0x00000026   Code   RO         3643    i.OS_Post1          os_core.o
    0x080019e8   0x00000024   Code   RO         4134    i.OS_PrioGetHighest  os_prio.o
    0x08001a0c   0x0000000c   Code   RO         4135    i.OS_PrioInit       os_prio.o
    0x08001a18   0x00000020   Code   RO         4136    i.OS_PrioInsert     os_prio.o
    0x08001a38   0x00000020   Code   RO         4137    i.OS_PrioRemove     os_prio.o
    0x08001a58   0x00000018   Code   RO         4180    i.OS_QInit          os_q.o
    0x08001a70   0x000000c4   Code   RO         4181    i.OS_QPost          os_q.o
    0x08001b34   0x00000024   Code   RO         3644    i.OS_RdyListInit    os_core.o
    0x08001b58   0x00000030   Code   RO         3645    i.OS_RdyListInsert  os_core.o
    0x08001b88   0x00000038   Code   RO         3646    i.OS_RdyListInsertHead  os_core.o
    0x08001bc0   0x00000034   Code   RO         3647    i.OS_RdyListInsertTail  os_core.o
    0x08001bf4   0x00000034   Code   RO         3648    i.OS_RdyListMoveHeadToTail  os_core.o
    0x08001c28   0x00000054   Code   RO         3649    i.OS_RdyListRemove  os_core.o
    0x08001c7c   0x00000048   Code   RO         3650    i.OS_Sched0         os_core.o
    0x08001cc4   0x00000064   Code   RO         3651    i.OS_SchedRoundRobin  os_core.o
    0x08001d28   0x00000018   Code   RO         4252    i.OS_SemInit        os_sem.o
    0x08001d40   0x000000b4   Code   RO         4253    i.OS_SemPost        os_sem.o
    0x08001df4   0x00000228   Code   RO         4317    i.OS_StatTask       os_stat.o
    0x0800201c   0x000000bc   Code   RO         4318    i.OS_StatTaskInit   os_stat.o
    0x080020d8   0x0000002a   Code   RO         3652    i.OS_TaskBlock      os_core.o
    0x08002102   0x00000002   PAD
    0x08002104   0x00000024   Code   RO         4363    i.OS_TaskDbgListAdd  os_task.o
    0x08002128   0x00000038   Code   RO         4364    i.OS_TaskDbgListRemove  os_task.o
    0x08002160   0x00000020   Code   RO         4365    i.OS_TaskInit       os_task.o
    0x08002180   0x000000bc   Code   RO         4366    i.OS_TaskInitTCB    os_task.o
    0x0800223c   0x000000ec   Code   RO         4367    i.OS_TaskQPost      os_task.o
    0x08002328   0x0000001c   Code   RO         3653    i.OS_TaskRdy        os_core.o
    0x08002344   0x000000bc   Code   RO         4368    i.OS_TaskResume     os_task.o
    0x08002400   0x00000018   Code   RO         4369    i.OS_TaskReturn     os_task.o
    0x08002418   0x00000114   Code   RO         4370    i.OS_TaskSemPost    os_task.o
    0x0800252c   0x000000a8   Code   RO         4371    i.OS_TaskSuspend    os_task.o
    0x080025d4   0x0000002c   Code   RO         4513    i.OS_TickListInit   os_tick.o
    0x08002600   0x000000d8   Code   RO         4514    i.OS_TickListInsert  os_tick.o
    0x080026d8   0x00000036   Code   RO         4515    i.OS_TickListRemove  os_tick.o
    0x0800270e   0x00000002   PAD
    0x08002710   0x00000028   Code   RO         4516    i.OS_TickListResetPeak  os_tick.o
    0x08002738   0x00000140   Code   RO         4517    i.OS_TickListUpdate  os_tick.o
    0x08002878   0x00000028   Code   RO         4518    i.OS_TickTask       os_tick.o
    0x080028a0   0x000000a8   Code   RO         4519    i.OS_TickTaskInit   os_tick.o
    0x08002948   0x00000104   Code   RO         4612    i.OS_TmrInit        os_tmr.o
    0x08002a4c   0x00000098   Code   RO         4613    i.OS_TmrLink        os_tmr.o
    0x08002ae4   0x00000028   Code   RO         4614    i.OS_TmrResetPeak   os_tmr.o
    0x08002b0c   0x0000009c   Code   RO         4615    i.OS_TmrTask        os_tmr.o
    0x08002ba8   0x0000004c   Code   RO         4616    i.OS_TmrUnlink      os_tmr.o
    0x08002bf4   0x00000012   Code   RO         3423    i.Our_Sys_Init      bsp.o
    0x08002c06   0x00000002   PAD
    0x08002c08   0x00000018   Code   RO          517    i.RCC_APB2PeriphClockCmd  stm32f10x_rcc.o
    0x08002c20   0x0000000c   Code   RO          523    i.RCC_ClockSecuritySystemCmd  stm32f10x_rcc.o
    0x08002c2c   0x00000040   Code   RO          524    i.RCC_DeInit        stm32f10x_rcc.o
    0x08002c6c   0x00000090   Code   RO          525    i.RCC_GetClocksFreq  stm32f10x_rcc.o
    0x08002cfc   0x00000030   Code   RO          526    i.RCC_GetFlagStatus  stm32f10x_rcc.o
    0x08002d2c   0x00000010   Code   RO          528    i.RCC_GetSYSCLKSource  stm32f10x_rcc.o
    0x08002d3c   0x00000014   Code   RO          529    i.RCC_HCLKConfig    stm32f10x_rcc.o
    0x08002d50   0x00000034   Code   RO          530    i.RCC_HSEConfig     stm32f10x_rcc.o
    0x08002d84   0x00000014   Code   RO          536    i.RCC_PCLK1Config   stm32f10x_rcc.o
    0x08002d98   0x00000014   Code   RO          537    i.RCC_PCLK2Config   stm32f10x_rcc.o
    0x08002dac   0x0000000c   Code   RO          538    i.RCC_PLLCmd        stm32f10x_rcc.o
    0x08002db8   0x00000014   Code   RO          539    i.RCC_PLLConfig     stm32f10x_rcc.o
    0x08002dcc   0x00000014   Code   RO          542    i.RCC_SYSCLKConfig  stm32f10x_rcc.o
    0x08002de0   0x0000002c   Code   RO          544    i.RCC_WaitForHSEStartUp  stm32f10x_rcc.o
    0x08002e0c   0x00000084   Code   RO         3425    i.RCC_init          bsp.o
    0x08002e90   0x00000002   Code   RO         3243    i.SVC_Handler       stm32f10x_it.o
    0x08002e92   0x00000002   PAD
    0x08002e94   0x000000a8   Code   RO         3380    i.SetSysClockTo72   system_stm32f10x.o
    0x08002f3c   0x00000012   Code   RO         3244    i.SysTick_Handler   stm32f10x_it.o
    0x08002f4e   0x00000002   PAD
    0x08002f50   0x00000050   Code   RO         3382    i.SystemInit        system_stm32f10x.o
    0x08002fa0   0x00000040   Code   RO         3426    i.Systick_init      bsp.o
    0x08002fe0   0x00000044   Code   RO         3502    i.Task_LED1         app.o
    0x08003024   0x00000044   Code   RO         3503    i.Task_LED2         app.o
    0x08003068   0x00000048   Code   RO         3504    i.Task_LED3         app.o
    0x080030b0   0x000000c0   Code   RO         3505    i.Task_Start        app.o
    0x08003170   0x00000002   Code   RO         3245    i.UsageFault_Handler  stm32f10x_it.o
    0x08003172   0x00000002   PAD
    0x08003174   0x00000054   Code   RO         3506    i.main              app.o
    0x080031c8   0x00000004   Data   RO         3558    .constdata          os_cfg_app.o
    0x080031cc   0x00000004   Data   RO         3559    .constdata          os_cfg_app.o
    0x080031d0   0x00000004   Data   RO         3560    .constdata          os_cfg_app.o
    0x080031d4   0x00000004   Data   RO         3562    .constdata          os_cfg_app.o
    0x080031d8   0x00000002   Data   RO         3563    .constdata          os_cfg_app.o
    0x080031da   0x00000002   PAD
    0x080031dc   0x00000004   Data   RO         3565    .constdata          os_cfg_app.o
    0x080031e0   0x00000004   Data   RO         3566    .constdata          os_cfg_app.o
    0x080031e4   0x00000004   Data   RO         3567    .constdata          os_cfg_app.o
    0x080031e8   0x00000004   Data   RO         3569    .constdata          os_cfg_app.o
    0x080031ec   0x00000004   Data   RO         3570    .constdata          os_cfg_app.o
    0x080031f0   0x00000002   Data   RO         3572    .constdata          os_cfg_app.o
    0x080031f2   0x00000002   PAD
    0x080031f4   0x00000004   Data   RO         3574    .constdata          os_cfg_app.o
    0x080031f8   0x00000001   Data   RO         3575    .constdata          os_cfg_app.o
    0x080031f9   0x00000003   PAD
    0x080031fc   0x00000004   Data   RO         3576    .constdata          os_cfg_app.o
    0x08003200   0x00000004   Data   RO         3577    .constdata          os_cfg_app.o
    0x08003204   0x00000004   Data   RO         3578    .constdata          os_cfg_app.o
    0x08003208   0x00000004   Data   RO         3579    .constdata          os_cfg_app.o
    0x0800320c   0x00000004   Data   RO         3581    .constdata          os_cfg_app.o
    0x08003210   0x00000004   Data   RO         3582    .constdata          os_cfg_app.o
    0x08003214   0x00000001   Data   RO         3583    .constdata          os_cfg_app.o
    0x08003215   0x00000003   PAD
    0x08003218   0x00000004   Data   RO         3584    .constdata          os_cfg_app.o
    0x0800321c   0x00000004   Data   RO         3585    .constdata          os_cfg_app.o
    0x08003220   0x00000004   Data   RO         3586    .constdata          os_cfg_app.o
    0x08003224   0x00000002   Data   RO         3588    .constdata          os_cfg_app.o
    0x08003226   0x00000001   Data   RO         3590    .constdata          os_cfg_app.o
    0x08003227   0x00000001   PAD
    0x08003228   0x00000004   Data   RO         3591    .constdata          os_cfg_app.o
    0x0800322c   0x00000004   Data   RO         3592    .constdata          os_cfg_app.o
    0x08003230   0x00000004   Data   RO         3593    .constdata          os_cfg_app.o
    0x08003234   0x00000004   Data   RO         3594    .constdata          os_cfg_app.o
    0x08003238   0x00000002   Data   RO         3596    .constdata          os_cfg_app.o
    0x0800323a   0x00000002   PAD
    0x0800323c   0x00000020   Data   RO         5620    Region$$Table       anon$$obj.o


    Execution Region RW_IRAM1 (Base: 0x20000000, Size: 0x00002b60, Max: 0x0000c000, ABSOLUTE)

    Base Addr    Size         Type   Attr      Idx    E Section Name        Object

    0x20000000   0x00000014   Data   RW          545    .data               stm32f10x_rcc.o
    0x20000014   0x00000004   Data   RW         4138    .data               os_prio.o
    0x20000018   0x00000004   Data   RW         4700    .data               os_var.o
    0x2000001c   0x00000004   Data   RW         4701    .data               os_var.o
    0x20000020   0x00000004   Data   RW         4702    .data               os_var.o
    0x20000024   0x00000004   Data   RW         4703    .data               os_var.o
    0x20000028   0x00000004   Data   RW         4704    .data               os_var.o
    0x2000002c   0x00000004   Data   RW         4705    .data               os_var.o
    0x20000030   0x00000004   Data   RW         4706    .data               os_var.o
    0x20000034   0x00000004   Data   RW         4707    .data               os_var.o
    0x20000038   0x00000001   Data   RW         4708    .data               os_var.o
    0x20000039   0x00000001   Data   RW         4709    .data               os_var.o
    0x2000003a   0x00000002   PAD
    0x2000003c   0x00000004   Data   RW         4710    .data               os_var.o
    0x20000040   0x00000004   Data   RW         4711    .data               os_var.o
    0x20000044   0x00000002   Data   RW         4712    .data               os_var.o
    0x20000046   0x00000002   Data   RW         4713    .data               os_var.o
    0x20000048   0x00000002   Data   RW         4714    .data               os_var.o
    0x2000004a   0x00000002   PAD
    0x2000004c   0x00000004   Data   RW         4715    .data               os_var.o
    0x20000050   0x00000004   Data   RW         4716    .data               os_var.o
    0x20000054   0x00000002   Data   RW         4717    .data               os_var.o
    0x20000056   0x00000002   PAD
    0x20000058   0x00000004   Data   RW         4718    .data               os_var.o
    0x2000005c   0x00000002   Data   RW         4719    .data               os_var.o
    0x2000005e   0x00000002   PAD
    0x20000060   0x00000004   Data   RW         4720    .data               os_var.o
    0x20000064   0x00000002   Data   RW         4721    .data               os_var.o
    0x20000066   0x00000001   Data   RW         4722    .data               os_var.o
    0x20000067   0x00000001   Data   RW         4723    .data               os_var.o
    0x20000068   0x00000001   Data   RW         4724    .data               os_var.o
    0x20000069   0x00000003   PAD
    0x2000006c   0x00000004   Data   RW         4725    .data               os_var.o
    0x20000070   0x00000002   Data   RW         4726    .data               os_var.o
    0x20000072   0x00000001   Data   RW         4727    .data               os_var.o
    0x20000073   0x00000001   PAD
    0x20000074   0x00000004   Data   RW         4728    .data               os_var.o
    0x20000078   0x00000001   Data   RW         4729    .data               os_var.o
    0x20000079   0x00000003   PAD
    0x2000007c   0x00000004   Data   RW         4730    .data               os_var.o
    0x20000080   0x00000002   Data   RW         4731    .data               os_var.o
    0x20000082   0x00000001   Data   RW         4732    .data               os_var.o
    0x20000083   0x00000001   PAD
    0x20000084   0x00000002   Data   RW         4733    .data               os_var.o
    0x20000086   0x00000002   Data   RW         4734    .data               os_var.o
    0x20000088   0x00000004   Data   RW         4735    .data               os_var.o
    0x2000008c   0x00000004   Data   RW         4736    .data               os_var.o
    0x20000090   0x00000004   Data   RW         4737    .data               os_var.o
    0x20000094   0x00000001   Data   RW         4738    .data               os_var.o
    0x20000095   0x00000003   PAD
    0x20000098   0x00000004   Data   RW         4739    .data               os_var.o
    0x2000009c   0x00000004   Data   RW         4740    .data               os_var.o
    0x200000a0   0x00000004   Data   RW         4741    .data               os_var.o
    0x200000a4   0x00000002   Data   RW         4742    .data               os_var.o
    0x200000a6   0x00000001   Data   RW         4743    .data               os_var.o
    0x200000a7   0x00000001   PAD
    0x200000a8   0x00000004   Data   RW         4744    .data               os_var.o
    0x200000ac   0x00000004   Data   RW         4745    .data               os_var.o
    0x200000b0   0x00000004   Data   RW         4746    .data               os_var.o
    0x200000b4   0x00000004   Data   RW         4748    .data               os_var.o
    0x200000b8   0x00000004   Data   RW         4749    .data               os_var.o
    0x200000bc   0x00000004   Data   RW         4750    .data               os_var.o
    0x200000c0   0x00000004   Data   RW         4751    .data               os_var.o
    0x200000c4   0x00000004   Data   RW         4752    .data               os_var.o
    0x200000c8   0x00000004   Data   RW         4753    .data               os_var.o
    0x200000cc   0x00000004   Data   RW         4775    .data               os_cpu_c.o
    0x200000d0   0x00000014   Zero   RW         3428    .bss                bsp.o
    0x200000e4   0x00000a40   Zero   RW         3507    .bss                app.o
    0x20000b24   0x00000200   Zero   RW         3548    .bss                os_cfg_app.o
    0x20000d24   0x00000140   Zero   RW         3549    .bss                os_cfg_app.o
    0x20000e64   0x00000200   Zero   RW         3550    .bss                os_cfg_app.o
    0x20001064   0x00000200   Zero   RW         3551    .bss                os_cfg_app.o
    0x20001264   0x00000640   Zero   RW         3552    .bss                os_cfg_app.o
    0x200018a4   0x00000200   Zero   RW         3553    .bss                os_cfg_app.o
    0x20001aa4   0x00000200   Zero   RW         3554    .bss                os_cfg_app.o
    0x20001ca4   0x00000088   Zero   RW         3555    .bss                os_cfg_app.o
    0x20001d2c   0x00000200   Zero   RW         3556    .bss                os_cfg_app.o
    0x20001f2c   0x00000088   Zero   RW         3557    .bss                os_cfg_app.o
    0x20001fb4   0x000000c0   Zero   RW         4693    .bss                os_var.o
    0x20002074   0x000000c0   Zero   RW         4694    .bss                os_var.o
    0x20002134   0x0000000c   Zero   RW         4695    .bss                os_var.o
    0x20002140   0x00000180   Zero   RW         4696    .bss                os_var.o
    0x200022c0   0x000000c0   Zero   RW         4697    .bss                os_var.o
    0x20002380   0x000000c0   Zero   RW         4698    .bss                os_var.o
    0x20002440   0x000000c0   Zero   RW         4699    .bss                os_var.o
    0x20002500   0x00000060   Zero   RW         5495    .bss                c_w.l(libspace.o)
    0x20002560   0x00000200   Zero   RW            2    HEAP                startup_stm32f10x_hd.o
    0x20002760   0x00000400   Zero   RW            1    STACK               startup_stm32f10x_hd.o


==============================================================================

Image component sizes


      Code (inc. data)   RO Data    RW Data    ZI Data      Debug   Object Name

       484         86          0          0       2624       3010   app.o
       326         18          0          0         20      25339   bsp.o
        52          0          0          0          0        276   cpu_a.o
         0          0          0          0          0     223320   misc.o
         2          0        103          0       5264      20344   os_cfg_app.o
      2238        380          0          0          0      15849   os_core.o
       132         32          0          0          0        288   os_cpu_a.o
       300         54          0          4          0       5100   os_cpu_c.o
         2          0          0          0          0        786   os_dbg.o
       388         28          0          0          0       2431   os_flag.o
       824        200          0          0          0       2862   os_int.o
        24         10          0          0          0        733   os_mem.o
       306         20          0          0          0       2589   os_msg.o
        24         10          0          0          0        817   os_mutex.o
       112         16          0          4          0       2370   os_prio.o
       220         20          0          0          0       1712   os_q.o
       204         16          0          0          0       1638   os_sem.o
       920        176          0          0          0       2606   os_stat.o
      2380        220          0          0          0       9425   os_task.o
       882        126          0          0          0       4653   os_tick.o
       560         46          0          0          0       2449   os_time.o
       684        136          0          0          0       3472   os_tmr.o
         0          0          0        160       1356      18979   os_var.o
        76         32        304          0       1536        808   startup_stm32f10x_hd.o
        44         12          0          0          0       1009   stm32f10x_flash.o
       170          0          0          0          0       2720   stm32f10x_gpio.o
        32          0          0          0          0      31249   stm32f10x_it.o
       516         88          0         20          0       9910   stm32f10x_rcc.o
       248         24          0          0          0       1457   system_stm32f10x.o

    ----------------------------------------------------------------------
     12170       1750        452        208      10800     398201   Object Totals
         0          0         32          0          0          0   (incl. Generated)
        20          0         13         20          0          0   (incl. Padding)

    ----------------------------------------------------------------------

      Code (inc. data)   RO Data    RW Data    ZI Data      Debug   Library Member Name

         8          0          0          0          0         68   __main.o
         0          0          0          0          0          0   __rtentry.o
        12          0          0          0          0          0   __rtentry2.o
         6          0          0          0          0          0   __rtentry4.o
        52          8          0          0          0          0   __scatter.o
        26          0          0          0          0          0   __scatter_copy.o
        28          0          0          0          0          0   __scatter_zi.o
        12          0          0          0          0         72   exit.o
         6          0          0          0          0        152   heapauxi.o
         0          0          0          0          0          0   indicate_semi.o
         2          0          0          0          0          0   libinit.o
         2          0          0          0          0          0   libinit2.o
         2          0          0          0          0          0   libshutdown.o
         2          0          0          0          0          0   libshutdown2.o
         8          4          0          0         96         68   libspace.o
         2          0          0          0          0          0   rtexit.o
        10          0          0          0          0          0   rtexit2.o
        12          4          0          0          0         68   sys_exit.o
        74          0          0          0          0         80   sys_stackheap_outer.o
         2          0          0          0          0         68   use_no_semi.o

    ----------------------------------------------------------------------
       270         16          0          0         96        576   Library Totals
         4          0          0          0          0          0   (incl. Padding)

    ----------------------------------------------------------------------

      Code (inc. data)   RO Data    RW Data    ZI Data      Debug   Library Name

       266         16          0          0         96        576   c_w.l

    ----------------------------------------------------------------------
       270         16          0          0         96        576   Library Totals

    ----------------------------------------------------------------------

==============================================================================


      Code (inc. data)   RO Data    RW Data    ZI Data      Debug   

     12440       1766        452        208      10896     392117   Grand Totals
     12440       1766        452        208      10896     392117   ELF Image Totals
     12440       1766        452        208          0          0   ROM Totals

==============================================================================

    Total RO  Size (Code + RO Data)                12892 (  12.59kB)
    Total RW  Size (RW Data + ZI Data)             11104 (  10.84kB)
    Total ROM Size (Code + RO Data + RW Data)      13100 (  12.79kB)

==============================================================================

